<html>
<body>
<pre>
<h1>µVision Build Log</h1>
<h2>Tool Versions:</h2>
IDE-Version: •ÏVision V5.36.0.0
Copyright (C) 2021 ARM Ltd and ARM Germany GmbH. All rights reserved.
License Information: l l, l, LIC=3UURY-IHUXV-YDFK5-G8043-GK9D9-KWBGT
 
Tool Versions:
Toolchain:       MDK-ARM Professional  Version: 5.36.0.0
Toolchain Path:  C:\Keil_v5\ARM\ARMCC\Bin
C Compiler:      Armcc.exe V5.06 update 7 (build 960)
Assembler:       Armasm.exe V5.06 update 7 (build 960)
Linker/Locator:  ArmLink.exe V5.06 update 7 (build 960)
Library Manager: ArmAr.exe V5.06 update 7 (build 960)
Hex Converter:   FromElf.exe V5.06 update 7 (build 960)
CPU DLL:         SARMCM3.DLL V5.36.0.0
Dialog DLL:      DCM.DLL V1.17.3.0
Target DLL:      STLink\ST-LINKIII-KEIL_SWO.dll V3.0.9.0
Dialog DLL:      TCM.DLL V1.53.0.0
 
<h2>Project:</h2>
C:\Users\AW_Lab_LYB\Documents\STM32\E_MASK_PROTO\MDK-ARM\E_MASK_PROTO.uvprojx
Project File Date:  10/30/2023

<h2>Output:</h2>
*** Using Compiler 'V5.06 update 7 (build 960)', folder: 'C:\Keil_v5\ARM\ARMCC\Bin'
Build target 'E_MASK_PROTO'
assembling startup_stm32f413xx.s...
compiling bsp_driver_sd.c...
compiling stm32f4xx_hal_timebase_tim.c...
compiling st7789.c...
compiling MAX17262.c...
..\library\MAX17262\MAX17262.c(32): warning:  #550-D: variable "setting_flag"  was set but never used
  	int8_t setting_flag=0;
..\library\MAX17262\MAX17262.c: 1 warning, 0 errors
compiling lcdscreen.c...
..\library\lcdscreen.c(108): warning:  #1-D: last line of file ends without a newline
  }
..\library\lcdscreen.c: 1 warning, 0 errors
compiling fifo.c...
..\library\fifo.c(9): warning:  #188-D: enumerated type mixed with another type
  		res = BSP_SD_Init();
..\library\fifo.c(165): warning:  #1-D: last line of file ends without a newline
  }
..\library\fifo.c(165): warning:  #940-D: missing return statement at end of non-void function "stop_recording_spo2" 
  }
..\library\fifo.c: 3 warnings, 0 errors
compiling LSM6DS.c...
..\library\LSM6DS\LSM6DS.c(7): warning:  #550-D: variable "settingData"  was set but never used
  	uint8_t settingData[8];
..\library\LSM6DS\LSM6DS.c(180): warning:  #177-D: variable "qdata_CFG_REG"  was declared but never referenced
  	uint8_t qdata_CFG_REG[1];
..\library\LSM6DS\LSM6DS.c(181): warning:  #177-D: variable "qdata_CTRL_REG1"  was declared but never referenced
  	uint8_t qdata_CTRL_REG1[1];
..\library\LSM6DS\LSM6DS.c(182): warning:  #177-D: variable "qdata_CTRL_REG4"  was declared but never referenced
  	uint8_t qdata_CTRL_REG4[1];
..\library\LSM6DS\LSM6DS.c(184): warning:  #550-D: variable "settingData"  was set but never used
  	uint8_t settingData[8];
..\library\LSM6DS\LSM6DS.c: 5 warnings, 0 errors
compiling stm32f4xx_hal_msp.c...
compiling stm32f4xx_it.c...
compiling LPS22HH.c...
compiling main.c...
compiling stm32f4xx_hal_gpio.c...
compiling fatfs_platform.c...
compiling stm32f4xx_hal_dma.c...
compiling stm32f4xx_hal_flash_ramfunc.c...
compiling stm32f4xx_hal_flash.c...
compiling stm32f4xx_hal_flash_ex.c...
compiling fatfs.c...
compiling stm32f4xx_hal_dma_ex.c...
compiling sd_diskio.c...
compiling stm32f4xx_hal_rcc.c...
compiling stm32f4xx_hal_rcc_ex.c...
compiling stm32f4xx_hal_i2c_ex.c...
compiling stm32f4xx_hal_cortex.c...
compiling stm32f4xx_ll_sdmmc.c...
compiling stm32f4xx_hal_exti.c...
compiling stm32f4xx_hal_iwdg.c...
compiling stm32f4xx_hal_pwr_ex.c...
compiling stm32f4xx_hal.c...
compiling stm32f4xx_hal_pwr.c...
compiling stm32f4xx_hal_i2s.c...
compiling stm32f4xx_hal_i2s_ex.c...
compiling stm32f4xx_hal_i2c.c...
compiling system_stm32f4xx.c...
compiling diskio.c...
compiling stm32f4xx_hal_tim_ex.c...
compiling ff_gen_drv.c...
compiling syscall.c...
compiling ccsbcs.c...
compiling stm32f4xx_hal_sd.c...
compiling stm32f4xx_hal_spi.c...
compiling stm32f4xx_hal_tim.c...
compiling ff.c...
linking...
Program Size: Code=39316 RO-data=21608 RW-data=164 ZI-data=74476  
FromELF: creating hex file...
"E_MASK_PROTO\E_MASK_PROTO.axf" - 0 Error(s), 10 Warning(s).

<h2>Software Packages used:</h2>

Package Vendor: ARM
                http://www.keil.com/pack/ARM.CMSIS.5.9.0.pack
                ARM.CMSIS.5.9.0
                CMSIS (Common Microcontroller Software Interface Standard)
   * Component: CORE Version: 5.6.0

Package Vendor: Keil
                http://www.keil.com/pack/Keil.STM32F4xx_DFP.2.16.0.pack
                Keil.STM32F4xx_DFP.2.16.0
                STMicroelectronics STM32F4 Series Device Support, Drivers and Examples

<h2>Collection of Component include folders:</h2>
  .\RTE\_E_MASK_PROTO
  C:\Users\AW_Lab_LYB\AppData\Local\Arm\Packs\ARM\CMSIS\5.9.0\CMSIS\Core\Include
  C:\Users\AW_Lab_LYB\AppData\Local\Arm\Packs\Keil\STM32F4xx_DFP\2.16.0\Drivers\CMSIS\Device\ST\STM32F4xx\Include

<h2>Collection of Component Files used:</h2>

   * Component: ARM::CMSIS:CORE:5.6.0
      Include file:  CMSIS\Core\Include\tz_context.h
Build Time Elapsed:  00:00:13
</pre>
</body>
</html>
