Component: ARM Compiler 5.06 update 7 (build 960) Tool: armlink [4d3601]

==============================================================================

Section Cross References

    startup_stm32f413xx.o(STACK) refers (Special) to heapauxi.o(.text) for __use_two_region_memory
    startup_stm32f413xx.o(HEAP) refers (Special) to heapauxi.o(.text) for __use_two_region_memory
    startup_stm32f413xx.o(RESET) refers (Special) to heapauxi.o(.text) for __use_two_region_memory
    startup_stm32f413xx.o(RESET) refers to startup_stm32f413xx.o(STACK) for __initial_sp
    startup_stm32f413xx.o(RESET) refers to startup_stm32f413xx.o(.text) for Reset_Handler
    startup_stm32f413xx.o(RESET) refers to stm32f4xx_it.o(i.NMI_Handler) for NMI_Handler
    startup_stm32f413xx.o(RESET) refers to stm32f4xx_it.o(i.HardFault_Handler) for HardFault_Handler
    startup_stm32f413xx.o(RESET) refers to stm32f4xx_it.o(i.MemManage_Handler) for MemManage_Handler
    startup_stm32f413xx.o(RESET) refers to stm32f4xx_it.o(i.BusFault_Handler) for BusFault_Handler
    startup_stm32f413xx.o(RESET) refers to stm32f4xx_it.o(i.UsageFault_Handler) for UsageFault_Handler
    startup_stm32f413xx.o(RESET) refers to stm32f4xx_it.o(i.SVC_Handler) for SVC_Handler
    startup_stm32f413xx.o(RESET) refers to stm32f4xx_it.o(i.DebugMon_Handler) for DebugMon_Handler
    startup_stm32f413xx.o(RESET) refers to stm32f4xx_it.o(i.PendSV_Handler) for PendSV_Handler
    startup_stm32f413xx.o(RESET) refers to stm32f4xx_it.o(i.SysTick_Handler) for SysTick_Handler
    startup_stm32f413xx.o(RESET) refers to stm32f4xx_it.o(i.EXTI4_IRQHandler) for EXTI4_IRQHandler
    startup_stm32f413xx.o(RESET) refers to stm32f4xx_it.o(i.DMA1_Stream3_IRQHandler) for DMA1_Stream3_IRQHandler
    startup_stm32f413xx.o(RESET) refers to stm32f4xx_it.o(i.DMA1_Stream4_IRQHandler) for DMA1_Stream4_IRQHandler
    startup_stm32f413xx.o(RESET) refers to stm32f4xx_it.o(i.EXTI9_5_IRQHandler) for EXTI9_5_IRQHandler
    startup_stm32f413xx.o(RESET) refers to stm32f4xx_it.o(i.TIM1_BRK_TIM9_IRQHandler) for TIM1_BRK_TIM9_IRQHandler
    startup_stm32f413xx.o(RESET) refers to stm32f4xx_it.o(i.TIM1_UP_TIM10_IRQHandler) for TIM1_UP_TIM10_IRQHandler
    startup_stm32f413xx.o(RESET) refers to stm32f4xx_it.o(i.SPI2_IRQHandler) for SPI2_IRQHandler
    startup_stm32f413xx.o(RESET) refers to stm32f4xx_it.o(i.SDIO_IRQHandler) for SDIO_IRQHandler
    startup_stm32f413xx.o(RESET) refers to stm32f4xx_it.o(i.TIM6_DAC_IRQHandler) for TIM6_DAC_IRQHandler
    startup_stm32f413xx.o(RESET) refers to stm32f4xx_it.o(i.TIM7_IRQHandler) for TIM7_IRQHandler
    startup_stm32f413xx.o(RESET) refers to stm32f4xx_it.o(i.DMA2_Stream0_IRQHandler) for DMA2_Stream0_IRQHandler
    startup_stm32f413xx.o(RESET) refers to stm32f4xx_it.o(i.DMA2_Stream3_IRQHandler) for DMA2_Stream3_IRQHandler
    startup_stm32f413xx.o(RESET) refers to stm32f4xx_it.o(i.DMA2_Stream4_IRQHandler) for DMA2_Stream4_IRQHandler
    startup_stm32f413xx.o(RESET) refers to stm32f4xx_it.o(i.DMA2_Stream5_IRQHandler) for DMA2_Stream5_IRQHandler
    startup_stm32f413xx.o(RESET) refers to stm32f4xx_it.o(i.DMA2_Stream6_IRQHandler) for DMA2_Stream6_IRQHandler
    startup_stm32f413xx.o(RESET) refers to stm32f4xx_it.o(i.SPI5_IRQHandler) for SPI5_IRQHandler
    startup_stm32f413xx.o(.text) refers (Special) to heapauxi.o(.text) for __use_two_region_memory
    startup_stm32f413xx.o(.text) refers to system_stm32f4xx.o(i.SystemInit) for SystemInit
    startup_stm32f413xx.o(.text) refers to __main.o(!!!main) for __main
    startup_stm32f413xx.o(.text) refers to startup_stm32f413xx.o(HEAP) for Heap_Mem
    startup_stm32f413xx.o(.text) refers to startup_stm32f413xx.o(STACK) for Stack_Mem
    fifo.o(i.fifo_i2s) refers to ff.o(i.f_write) for f_write
    fifo.o(i.fifo_i2s) refers to fifo.o(.data) for .data
    fifo.o(i.fifo_i2s) refers to fifo.o(.bss) for .bss
    fifo.o(i.fifo_lps) refers to _printf_percent.o(.ARM.Collect$$_printf_percent$$00000000) for _printf_percent
    fifo.o(i.fifo_lps) refers to _printf_f.o(.ARM.Collect$$_printf_percent$$00000003) for _printf_f
    fifo.o(i.fifo_lps) refers to printf1.o(x$fpl$printf1) for _printf_fp_dec
    fifo.o(i.fifo_lps) refers to f2d.o(x$fpl$f2d) for __aeabi_f2d
    fifo.o(i.fifo_lps) refers to ffltll_clz.o(x$fpl$ffltll) for __aeabi_ul2f
    fifo.o(i.fifo_lps) refers to noretval__2sprintf.o(.text) for __2sprintf
    fifo.o(i.fifo_lps) refers to ff.o(i.f_puts) for f_puts
    fifo.o(i.fifo_lps) refers to rt_memclr_w.o(.text) for __aeabi_memclr4
    fifo.o(i.fifo_lps) refers to fifo.o(.bss) for .bss
    fifo.o(i.fifo_spo2) refers to _printf_percent.o(.ARM.Collect$$_printf_percent$$00000000) for _printf_percent
    fifo.o(i.fifo_spo2) refers to _printf_d.o(.ARM.Collect$$_printf_percent$$00000009) for _printf_d
    fifo.o(i.fifo_spo2) refers to _printf_f.o(.ARM.Collect$$_printf_percent$$00000003) for _printf_f
    fifo.o(i.fifo_spo2) refers to _printf_dec.o(.text) for _printf_int_dec
[...]
    BSP_SD_WriteCpltCallback                 0x08001959   Thumb Code     8  sd_diskio.o(i.BSP_SD_WriteCpltCallback)
    BusFault_Handler                         0x08001965   Thumb Code     2  stm32f4xx_it.o(i.BusFault_Handler)
    DMA1_Stream3_IRQHandler                  0x08001969   Thumb Code     6  stm32f4xx_it.o(i.DMA1_Stream3_IRQHandler)
    DMA1_Stream4_IRQHandler                  0x08001975   Thumb Code     6  stm32f4xx_it.o(i.DMA1_Stream4_IRQHandler)
    DMA2_Stream0_IRQHandler                  0x08001981   Thumb Code     6  stm32f4xx_it.o(i.DMA2_Stream0_IRQHandler)
    DMA2_Stream3_IRQHandler                  0x0800198d   Thumb Code     6  stm32f4xx_it.o(i.DMA2_Stream3_IRQHandler)
    DMA2_Stream4_IRQHandler                  0x08001999   Thumb Code     6  stm32f4xx_it.o(i.DMA2_Stream4_IRQHandler)
    DMA2_Stream5_IRQHandler                  0x080019a5   Thumb Code     6  stm32f4xx_it.o(i.DMA2_Stream5_IRQHandler)
    DMA2_Stream6_IRQHandler                  0x080019b1   Thumb Code     6  stm32f4xx_it.o(i.DMA2_Stream6_IRQHandler)
    DebugMon_Handler                         0x08001a61   Thumb Code     2  stm32f4xx_it.o(i.DebugMon_Handler)
    EXTI4_IRQHandler                         0x08001a63   Thumb Code     6  stm32f4xx_it.o(i.EXTI4_IRQHandler)
    EXTI9_5_IRQHandler                       0x08001a69   Thumb Code    18  stm32f4xx_it.o(i.EXTI9_5_IRQHandler)
    Error_Handler                            0x08001a7b   Thumb Code     4  main.o(i.Error_Handler)
    FATFS_LinkDriver                         0x08001a7f   Thumb Code     6  ff_gen_drv.o(i.FATFS_LinkDriver)
    FATFS_LinkDriverEx                       0x08001a85   Thumb Code    58  ff_gen_drv.o(i.FATFS_LinkDriverEx)
    HAL_DMA_Abort_IT                         0x08001ac5   Thumb Code    36  stm32f4xx_hal_dma.o(i.HAL_DMA_Abort_IT)
    HAL_DMA_GetError                         0x08001ae9   Thumb Code     4  stm32f4xx_hal_dma.o(i.HAL_DMA_GetError)
    HAL_DMA_IRQHandler                       0x08001aed   Thumb Code   412  stm32f4xx_hal_dma.o(i.HAL_DMA_IRQHandler)
    HAL_DMA_Init                             0x08001c8d   Thumb Code   206  stm32f4xx_hal_dma.o(i.HAL_DMA_Init)
    HAL_DMA_Start_IT                         0x08001d61   Thumb Code   110  stm32f4xx_hal_dma.o(i.HAL_DMA_Start_IT)
    HAL_Delay                                0x08001dd1   Thumb Code    32  stm32f4xx_hal.o(i.HAL_Delay)
    HAL_GPIO_EXTI_Callback                   0x08001df5   Thumb Code    32  main.o(i.HAL_GPIO_EXTI_Callback)
    HAL_GPIO_EXTI_IRQHandler                 0x08001e19   Thumb Code    18  stm32f4xx_hal_gpio.o(i.HAL_GPIO_EXTI_IRQHandler)
    HAL_GPIO_Init                            0x08001e31   Thumb Code   384  stm32f4xx_hal_gpio.o(i.HAL_GPIO_Init)
    HAL_GPIO_ReadPin                         0x08001fd9   Thumb Code    10  stm32f4xx_hal_gpio.o(i.HAL_GPIO_ReadPin)
    HAL_GPIO_WritePin                        0x08001fe3   Thumb Code    10  stm32f4xx_hal_gpio.o(i.HAL_GPIO_WritePin)
    HAL_GetTick                              0x08001fed   Thumb Code     6  stm32f4xx_hal.o(i.HAL_GetTick)
    HAL_I2C_Init                             0x08001ff9   Thumb Code   376  stm32f4xx_hal_i2c.o(i.HAL_I2C_Init)
    HAL_I2C_Mem_Read                         0x08002181   Thumb Code   490  stm32f4xx_hal_i2c.o(i.HAL_I2C_Mem_Read)
    HAL_I2C_Mem_Write                        0x08002379   Thumb Code   294  stm32f4xx_hal_i2c.o(i.HAL_I2C_Mem_Write)
    HAL_I2C_MspInit                          0x080024a9   Thumb Code    92  stm32f4xx_hal_msp.o(i.HAL_I2C_MspInit)
    HAL_I2SEx_FullDuplex_IRQHandler          0x08002511   Thumb Code   492  stm32f4xx_hal_i2s_ex.o(i.HAL_I2SEx_FullDuplex_IRQHandler)
    HAL_I2SEx_TxRxCpltCallback               0x08002705   Thumb Code     2  stm32f4xx_hal_i2s_ex.o(i.HAL_I2SEx_TxRxCpltCallback)
    HAL_I2S_ErrorCallback                    0x08002707   Thumb Code     2  stm32f4xx_hal_i2s.o(i.HAL_I2S_ErrorCallback)
    HAL_I2S_Init                             0x08002709   Thumb Code   394  stm32f4xx_hal_i2s.o(i.HAL_I2S_Init)
    HAL_I2S_MspInit                          0x080028a9   Thumb Code   204  stm32f4xx_hal_msp.o(i.HAL_I2S_MspInit)
    HAL_I2S_Receive_DMA                      0x0800298d   Thumb Code   198  stm32f4xx_hal_i2s.o(i.HAL_I2S_Receive_DMA)
    HAL_I2S_RxCpltCallback                   0x08002a61   Thumb Code     8  main.o(i.HAL_I2S_RxCpltCallback)
    HAL_I2S_RxHalfCpltCallback               0x08002a6d   Thumb Code    14  main.o(i.HAL_I2S_RxHalfCpltCallback)
    HAL_I2S_TxCpltCallback                   0x08002a85   Thumb Code     2  stm32f4xx_hal_i2s.o(i.HAL_I2S_TxCpltCallback)
    HAL_IWDG_Init                            0x08002a89   Thumb Code    82  stm32f4xx_hal_iwdg.o(i.HAL_IWDG_Init)
    HAL_IWDG_Refresh                         0x08002adb   Thumb Code    12  stm32f4xx_hal_iwdg.o(i.HAL_IWDG_Refresh)
    HAL_IncTick                              0x08002ae9   Thumb Code    12  stm32f4xx_hal.o(i.HAL_IncTick)
    HAL_Init                                 0x08002af9   Thumb Code    48  stm32f4xx_hal.o(i.HAL_Init)
    HAL_InitTick                             0x08002b2d   Thumb Code    98  stm32f4xx_hal_timebase_tim.o(i.HAL_InitTick)
    HAL_MspInit                              0x08002ba1   Thumb Code    42  stm32f4xx_hal_msp.o(i.HAL_MspInit)
    HAL_NVIC_EnableIRQ                       0x08002bd1   Thumb Code    26  stm32f4xx_hal_cortex.o(i.HAL_NVIC_EnableIRQ)
    HAL_NVIC_SetPriority                     0x08002bed   Thumb Code    60  stm32f4xx_hal_cortex.o(i.HAL_NVIC_SetPriority)
    HAL_NVIC_SetPriorityGrouping             0x08002c2d   Thumb Code    26  stm32f4xx_hal_cortex.o(i.HAL_NVIC_SetPriorityGrouping)
    HAL_PWR_DisableWakeUpPin                 0x08002c51   Thumb Code    10  stm32f4xx_hal_pwr.o(i.HAL_PWR_DisableWakeUpPin)
    HAL_PWR_EnableWakeUpPin                  0x08002c61   Thumb Code    10  stm32f4xx_hal_pwr.o(i.HAL_PWR_EnableWakeUpPin)
    HAL_PWR_EnterSTANDBYMode                 0x08002c71   Thumb Code    24  stm32f4xx_hal_pwr.o(i.HAL_PWR_EnterSTANDBYMode)
    HAL_RCCEx_GetPeriphCLKFreq               0x08002c91   Thumb Code   204  stm32f4xx_hal_rcc_ex.o(i.HAL_RCCEx_GetPeriphCLKFreq)
    HAL_RCCEx_PeriphCLKConfig                0x08002d6d   Thumb Code   792  stm32f4xx_hal_rcc_ex.o(i.HAL_RCCEx_PeriphCLKConfig)
    HAL_RCC_ClockConfig                      0x080030a5   Thumb Code   288  stm32f4xx_hal_rcc.o(i.HAL_RCC_ClockConfig)
    HAL_RCC_GetClockConfig                   0x080031d9   Thumb Code    54  stm32f4xx_hal_rcc.o(i.HAL_RCC_GetClockConfig)
    HAL_RCC_GetPCLK1Freq                     0x08003219   Thumb Code    20  stm32f4xx_hal_rcc.o(i.HAL_RCC_GetPCLK1Freq)
    HAL_RCC_GetPCLK2Freq                     0x08003239   Thumb Code    20  stm32f4xx_hal_rcc.o(i.HAL_RCC_GetPCLK2Freq)
    HAL_RCC_GetSysClockFreq                  0x08003259   Thumb Code    88  stm32f4xx_hal_rcc.o(i.HAL_RCC_GetSysClockFreq)
    HAL_RCC_OscConfig                        0x080032bd   Thumb Code   778  stm32f4xx_hal_rcc_ex.o(i.HAL_RCC_OscConfig)
    HAL_SD_AbortCallback                     0x080035e1   Thumb Code     8  bsp_driver_sd.o(i.HAL_SD_AbortCallback)
    HAL_SD_ConfigWideBusOperation            0x080035e9   Thumb Code   238  stm32f4xx_hal_sd.o(i.HAL_SD_ConfigWideBusOperation)
    HAL_SD_ErrorCallback                     0x080036dd   Thumb Code     2  stm32f4xx_hal_sd.o(i.HAL_SD_ErrorCallback)
    HAL_SD_GetCardCSD                        0x080036e1   Thumb Code   402  stm32f4xx_hal_sd.o(i.HAL_SD_GetCardCSD)
    HAL_SD_GetCardInfo                       0x08003879   Thumb Code    36  stm32f4xx_hal_sd.o(i.HAL_SD_GetCardInfo)
    HAL_SD_GetCardState                      0x0800389d   Thumb Code    44  stm32f4xx_hal_sd.o(i.HAL_SD_GetCardState)
    HAL_SD_IRQHandler                        0x080038c9   Thumb Code   496  stm32f4xx_hal_sd.o(i.HAL_SD_IRQHandler)
    HAL_SD_Init                              0x08003ac1   Thumb Code    54  stm32f4xx_hal_sd.o(i.HAL_SD_Init)
    HAL_SD_InitCard                          0x08003af9   Thumb Code    78  stm32f4xx_hal_sd.o(i.HAL_SD_InitCard)
    HAL_SD_MspInit                           0x08003b4d   Thumb Code   364  stm32f4xx_hal_msp.o(i.HAL_SD_MspInit)
    HAL_SD_ReadBlocks_DMA                    0x08003cd5   Thumb Code   286  stm32f4xx_hal_sd.o(i.HAL_SD_ReadBlocks_DMA)
    HAL_SD_RxCpltCallback                    0x08003e05   Thumb Code     8  bsp_driver_sd.o(i.HAL_SD_RxCpltCallback)
    HAL_SD_TxCpltCallback                    0x08003e0d   Thumb Code     8  bsp_driver_sd.o(i.HAL_SD_TxCpltCallback)
    HAL_SD_WriteBlocks_DMA                   0x08003e15   Thumb Code   288  stm32f4xx_hal_sd.o(i.HAL_SD_WriteBlocks_DMA)
    HAL_SPI_ErrorCallback                    0x08003f45   Thumb Code     2  stm32f4xx_hal_spi.o(i.HAL_SPI_ErrorCallback)
    HAL_SPI_GetState                         0x08003f47   Thumb Code     6  stm32f4xx_hal_spi.o(i.HAL_SPI_GetState)
    HAL_SPI_IRQHandler                       0x08003f4d   Thumb Code   246  stm32f4xx_hal_spi.o(i.HAL_SPI_IRQHandler)
    HAL_SPI_Init                             0x08004049   Thumb Code   128  stm32f4xx_hal_spi.o(i.HAL_SPI_Init)
    HAL_SPI_MspInit                          0x080040c9   Thumb Code   428  stm32f4xx_hal_msp.o(i.HAL_SPI_MspInit)
    HAL_SPI_RxCpltCallback                   0x080042a1   Thumb Code     2  stm32f4xx_hal_spi.o(i.HAL_SPI_RxCpltCallback)
    HAL_SPI_RxHalfCpltCallback               0x080042a3   Thumb Code     2  stm32f4xx_hal_spi.o(i.HAL_SPI_RxHalfCpltCallback)
    HAL_SPI_Transmit                         0x080042a5   Thumb Code   348  stm32f4xx_hal_spi.o(i.HAL_SPI_Transmit)
    HAL_SPI_TransmitReceive_DMA              0x08004401   Thumb Code   270  stm32f4xx_hal_spi.o(i.HAL_SPI_TransmitReceive_DMA)
    HAL_SPI_Transmit_DMA                     0x08004525   Thumb Code   192  stm32f4xx_hal_spi.o(i.HAL_SPI_Transmit_DMA)
    HAL_SPI_TxCpltCallback                   0x080045f1   Thumb Code     2  stm32f4xx_hal_spi.o(i.HAL_SPI_TxCpltCallback)
    HAL_SPI_TxHalfCpltCallback               0x080045f3   Thumb Code     2  stm32f4xx_hal_spi.o(i.HAL_SPI_TxHalfCpltCallback)
    HAL_SPI_TxRxCpltCallback                 0x080045f5   Thumb Code     2  stm32f4xx_hal_spi.o(i.HAL_SPI_TxRxCpltCallback)
    HAL_SPI_TxRxHalfCpltCallback             0x080045f7   Thumb Code     2  stm32f4xx_hal_spi.o(i.HAL_SPI_TxRxHalfCpltCallback)
    HAL_TIMEx_BreakCallback                  0x080045f9   Thumb Code     2  stm32f4xx_hal_tim_ex.o(i.HAL_TIMEx_BreakCallback)
    HAL_TIMEx_CommutCallback                 0x080045fb   Thumb Code     2  stm32f4xx_hal_tim_ex.o(i.HAL_TIMEx_CommutCallback)
    HAL_TIMEx_MasterConfigSynchronization    0x080045fd   Thumb Code   116  stm32f4xx_hal_tim_ex.o(i.HAL_TIMEx_MasterConfigSynchronization)
    HAL_TIM_Base_Init                        0x0800468d   Thumb Code    54  stm32f4xx_hal_tim.o(i.HAL_TIM_Base_Init)
    HAL_TIM_Base_MspInit                     0x080046c5   Thumb Code    86  stm32f4xx_hal_msp.o(i.HAL_TIM_Base_MspInit)
    HAL_TIM_Base_Start_IT                    0x08004729   Thumb Code    34  stm32f4xx_hal_tim.o(i.HAL_TIM_Base_Start_IT)
    HAL_TIM_IC_CaptureCallback               0x0800474b   Thumb Code     2  stm32f4xx_hal_tim.o(i.HAL_TIM_IC_CaptureCallback)
    HAL_TIM_IRQHandler                       0x0800474d   Thumb Code   358  stm32f4xx_hal_tim.o(i.HAL_TIM_IRQHandler)
    HAL_TIM_MspPostInit                      0x080048b5   Thumb Code    72  stm32f4xx_hal_msp.o(i.HAL_TIM_MspPostInit)
    HAL_TIM_OC_DelayElapsedCallback          0x08004909   Thumb Code     2  stm32f4xx_hal_tim.o(i.HAL_TIM_OC_DelayElapsedCallback)
    HAL_TIM_PWM_ConfigChannel                0x0800490b   Thumb Code   208  stm32f4xx_hal_tim.o(i.HAL_TIM_PWM_ConfigChannel)
    HAL_TIM_PWM_Init                         0x080049db   Thumb Code    54  stm32f4xx_hal_tim.o(i.HAL_TIM_PWM_Init)
    HAL_TIM_PWM_MspInit                      0x08004a11   Thumb Code    50  stm32f4xx_hal_msp.o(i.HAL_TIM_PWM_MspInit)
    HAL_TIM_PWM_PulseFinishedCallback        0x08004a4d   Thumb Code     2  stm32f4xx_hal_tim.o(i.HAL_TIM_PWM_PulseFinishedCallback)
    HAL_TIM_PWM_Start                        0x08004a51   Thumb Code    58  stm32f4xx_hal_tim.o(i.HAL_TIM_PWM_Start)
    HAL_TIM_PeriodElapsedCallback            0x08004a95   Thumb Code    70  main.o(i.HAL_TIM_PeriodElapsedCallback)
    HAL_TIM_TriggerCallback                  0x08004af1   Thumb Code     2  stm32f4xx_hal_tim.o(i.HAL_TIM_TriggerCallback)
    HardFault_Handler                        0x08004af3   Thumb Code     2  stm32f4xx_it.o(i.HardFault_Handler)
    LPS22HH_calAltitude                      0x080050cd   Thumb Code    64  lps22hh.o(i.LPS22HH_calAltitude)
    LPS22HH_readMsg                          0x0800511d   Thumb Code    86  lps22hh.o(i.LPS22HH_readMsg)
    LPS22HH_readPressure                     0x0800517d   Thumb Code    50  lps22hh.o(i.LPS22HH_readPressure)
    LPS22HH_readTemperature                  0x080051b5   Thumb Code    42  lps22hh.o(i.LPS22HH_readTemperature)
    LPS22HH_reboot                           0x080051e5   Thumb Code    22  lps22hh.o(i.LPS22HH_reboot)
    LPS22HH_sendMsg                          0x080051fd   Thumb Code    74  lps22hh.o(i.LPS22HH_sendMsg)
    LPS22HH_setup                            0x08005251   Thumb Code    40  lps22hh.o(i.LPS22HH_setup)
    MAX17262_GetData                         0x08005279   Thumb Code    46  max17262.o(i.MAX17262_GetData)
    MAX17262_Get_BatPercent                  0x080052ad   Thumb Code    42  max17262.o(i.MAX17262_Get_BatPercent)
    MAX17262_SetData                         0x080052d9   Thumb Code    90  max17262.o(i.MAX17262_SetData)
    MAX17262_init                            0x08005339   Thumb Code   150  max17262.o(i.MAX17262_init)
    MX_FATFS_Init                            0x0800546d   Thumb Code    18  fatfs.o(i.MX_FATFS_Init)
    MemManage_Handler                        0x080056cd   Thumb Code     2  stm32f4xx_it.o(i.MemManage_Handler)
    NMI_Handler                              0x080056cf   Thumb Code     2  stm32f4xx_it.o(i.NMI_Handler)
    PendSV_Handler                           0x080056d1   Thumb Code     2  stm32f4xx_it.o(i.PendSV_Handler)
    SDIO_ConfigData                          0x080056d3   Thumb Code    36  stm32f4xx_ll_sdmmc.o(i.SDIO_ConfigData)
    SDIO_GetPowerState                       0x080056f7   Thumb Code     8  stm32f4xx_ll_sdmmc.o(i.SDIO_GetPowerState)
    SDIO_GetResponse                         0x080056ff   Thumb Code     6  stm32f4xx_ll_sdmmc.o(i.SDIO_GetResponse)
    SDIO_IRQHandler                          0x08005705   Thumb Code     6  stm32f4xx_it.o(i.SDIO_IRQHandler)
    SDIO_Init                                0x08005711   Thumb Code    36  stm32f4xx_ll_sdmmc.o(i.SDIO_Init)
    SDIO_PowerState_ON                       0x08005735   Thumb Code    16  stm32f4xx_ll_sdmmc.o(i.SDIO_PowerState_ON)
    SDIO_ReadFIFO                            0x08005745   Thumb Code     6  stm32f4xx_ll_sdmmc.o(i.SDIO_ReadFIFO)
    SDIO_SendCommand                         0x0800574b   Thumb Code    32  stm32f4xx_ll_sdmmc.o(i.SDIO_SendCommand)
    SDIO_WriteFIFO                           0x0800576b   Thumb Code    10  stm32f4xx_ll_sdmmc.o(i.SDIO_WriteFIFO)
    SDMMC_CmdAppCommand                      0x08005775   Thumb Code    50  stm32f4xx_ll_sdmmc.o(i.SDMMC_CmdAppCommand)
    SDMMC_CmdAppOperCommand                  0x080057a9   Thumb Code    48  stm32f4xx_ll_sdmmc.o(i.SDMMC_CmdAppOperCommand)
    SDMMC_CmdBlockLength                     0x080057dd   Thumb Code    50  stm32f4xx_ll_sdmmc.o(i.SDMMC_CmdBlockLength)
    SDMMC_CmdBusWidth                        0x0800580f   Thumb Code    50  stm32f4xx_ll_sdmmc.o(i.SDMMC_CmdBusWidth)
    SDMMC_CmdGoIdleState                     0x08005841   Thumb Code    74  stm32f4xx_ll_sdmmc.o(i.SDMMC_CmdGoIdleState)
    SDMMC_CmdOperCond                        0x08005891   Thumb Code   112  stm32f4xx_ll_sdmmc.o(i.SDMMC_CmdOperCond)
    SDMMC_CmdReadMultiBlock                  0x08005905   Thumb Code    50  stm32f4xx_ll_sdmmc.o(i.SDMMC_CmdReadMultiBlock)
    SDMMC_CmdReadSingleBlock                 0x08005937   Thumb Code    50  stm32f4xx_ll_sdmmc.o(i.SDMMC_CmdReadSingleBlock)
    SDMMC_CmdSelDesel                        0x08005969   Thumb Code    50  stm32f4xx_ll_sdmmc.o(i.SDMMC_CmdSelDesel)
    SDMMC_CmdSendCID                         0x0800599b   Thumb Code    44  stm32f4xx_ll_sdmmc.o(i.SDMMC_CmdSendCID)
    SDMMC_CmdSendCSD                         0x080059c7   Thumb Code    44  stm32f4xx_ll_sdmmc.o(i.SDMMC_CmdSendCSD)
    SDMMC_CmdSendSCR                         0x080059f3   Thumb Code    48  stm32f4xx_ll_sdmmc.o(i.SDMMC_CmdSendSCR)
    SDMMC_CmdSendStatus                      0x08005a23   Thumb Code    50  stm32f4xx_ll_sdmmc.o(i.SDMMC_CmdSendStatus)
    SDMMC_CmdSetRelAdd                       0x08005a55   Thumb Code    48  stm32f4xx_ll_sdmmc.o(i.SDMMC_CmdSetRelAdd)
    SDMMC_CmdStopTransfer                    0x08005a85   Thumb Code    46  stm32f4xx_ll_sdmmc.o(i.SDMMC_CmdStopTransfer)
    SDMMC_CmdWriteMultiBlock                 0x08005ab9   Thumb Code    50  stm32f4xx_ll_sdmmc.o(i.SDMMC_CmdWriteMultiBlock)
    SDMMC_CmdWriteSingleBlock                0x08005aeb   Thumb Code    50  stm32f4xx_ll_sdmmc.o(i.SDMMC_CmdWriteSingleBlock)
    SD_initialize                            0x08006151   Thumb Code    24  sd_diskio.o(i.SD_initialize)
    SD_ioctl                                 0x0800616d   Thumb Code    76  sd_diskio.o(i.SD_ioctl)
    SD_read                                  0x080061bd   Thumb Code   114  sd_diskio.o(i.SD_read)
    SD_status                                0x08006235   Thumb Code     4  sd_diskio.o(i.SD_status)
    SD_write                                 0x08006239   Thumb Code   114  sd_diskio.o(i.SD_write)
    SPI2_IRQHandler                          0x080062b1   Thumb Code     6  stm32f4xx_it.o(i.SPI2_IRQHandler)
    SPI5_IRQHandler                          0x080062bd   Thumb Code     6  stm32f4xx_it.o(i.SPI5_IRQHandler)
    ST7789_DrawImage                         0x08006589   Thumb Code    56  st7789.o(i.ST7789_DrawImage)
    ST7789_Fill_Color                        0x080065c1   Thumb Code    96  st7789.o(i.ST7789_Fill_Color)
    ST7789_Init                              0x08006625   Thumb Code   280  st7789.o(i.ST7789_Init)
    ST7789_SetRotation                       0x080067c1   Thumb Code    48  st7789.o(i.ST7789_SetRotation)
    ST7789_WriteString                       0x080068d9   Thumb Code   190  st7789.o(i.ST7789_WriteString)
    SVC_Handler                              0x08006997   Thumb Code     2  stm32f4xx_it.o(i.SVC_Handler)
    Set_StandbyMod                           0x08006999   Thumb Code    96  main.o(i.Set_StandbyMod)
    SysTick_Handler                          0x08006a09   Thumb Code     2  stm32f4xx_it.o(i.SysTick_Handler)
    SystemClock_Config                       0x08006a0d   Thumb Code   142  main.o(i.SystemClock_Config)
    SystemInit                               0x08006aa5   Thumb Code    12  system_stm32f4xx.o(i.SystemInit)
    TIM1_BRK_TIM9_IRQHandler                 0x08006ab5   Thumb Code     6  stm32f4xx_it.o(i.TIM1_BRK_TIM9_IRQHandler)
    TIM1_UP_TIM10_IRQHandler                 0x08006ac1   Thumb Code     6  stm32f4xx_it.o(i.TIM1_UP_TIM10_IRQHandler)
    TIM6_DAC_IRQHandler                      0x08006acd   Thumb Code     6  stm32f4xx_it.o(i.TIM6_DAC_IRQHandler)
    TIM7_IRQHandler                          0x08006ad9   Thumb Code     6  stm32f4xx_it.o(i.TIM7_IRQHandler)
    TIM_Base_SetConfig                       0x08006ae5   Thumb Code   156  stm32f4xx_hal_tim.o(i.TIM_Base_SetConfig)
    TIM_CCxChannelCmd                        0x08006bad   Thumb Code    26  stm32f4xx_hal_tim.o(i.TIM_CCxChannelCmd)
    TIM_OC2_SetConfig                        0x08006c29   Thumb Code    98  stm32f4xx_hal_tim.o(i.TIM_OC2_SetConfig)
    UsageFault_Handler                       0x08006d4d   Thumb Code     2  stm32f4xx_it.o(i.UsageFault_Handler)
    __ARM_fpclassify                         0x08006d4f   Thumb Code    48  fpclassify.o(i.__ARM_fpclassify)
    __ARM_fpclassifyf                        0x08006d7f   Thumb Code    38  fpclassifyf.o(i.__ARM_fpclassifyf)
    __hardfp_powf                            0x08006dc5   Thumb Code  1606  powf.o(i.__hardfp_powf)
    __mathlib_powf                           0x08006dc5   Thumb Code     0  powf.o(i.__hardfp_powf)
    __mathlib_flt_divzero                    0x08007429   Thumb Code    14  funder.o(i.__mathlib_flt_divzero)
    __mathlib_flt_infnan2                    0x0800743d   Thumb Code     6  funder.o(i.__mathlib_flt_infnan2)
    __mathlib_flt_invalid                    0x08007445   Thumb Code    10  funder.o(i.__mathlib_flt_invalid)
    __mathlib_flt_overflow                   0x08007455   Thumb Code    10  funder.o(i.__mathlib_flt_overflow)
    __mathlib_flt_underflow                  0x08007465   Thumb Code    10  funder.o(i.__mathlib_flt_underflow)
    _is_digit                                0x08007475   Thumb Code    14  __printf_wp.o(i._is_digit)
    disk_initialize                          0x08007d69   Thumb Code    36  diskio.o(i.disk_initialize)
    disk_ioctl                               0x08007d91   Thumb Code    24  diskio.o(i.disk_ioctl)
    disk_read                                0x08007dad   Thumb Code    24  diskio.o(i.disk_read)
    disk_status                              0x08007dc9   Thumb Code    18  diskio.o(i.disk_status)
    disk_write                               0x08007de1   Thumb Code    24  diskio.o(i.disk_write)
    f_close                                  0x08007dfd   Thumb Code    40  ff.o(i.f_close)
    f_lseek                                  0x08007e25   Thumb Code   570  ff.o(i.f_lseek)
    f_mount                                  0x08008061   Thumb Code    84  ff.o(i.f_mount)
    f_open                                   0x080080b9   Thumb Code   534  ff.o(i.f_open)
    f_puts                                   0x080082d5   Thumb Code    38  ff.o(i.f_puts)
    f_sync                                   0x080082fb   Thumb Code   142  ff.o(i.f_sync)
    f_write                                  0x08008389   Thumb Code   434  ff.o(i.f_write)
    ff_convert                               0x0800853d   Thumb Code    52  ccsbcs.o(i.ff_convert)
    ff_wtoupper                              0x08008575   Thumb Code   120  ccsbcs.o(i.ff_wtoupper)
    fifo_i2s                                 0x080085f5   Thumb Code    52  fifo.o(i.fifo_i2s)
    fifo_lps                                 0x08008631   Thumb Code   132  fifo.o(i.fifo_lps)
    fifo_screen                              0x080086d1   Thumb Code   198  lcdscreen.o(i.fifo_screen)
    general_screen                           0x08008b51   Thumb Code   308  lcdscreen.o(i.general_screen)
    get_fattime                              0x08008dad   Thumb Code     4  fatfs.o(i.get_fattime)
    main                                     0x08008eb5   Thumb Code   812  main.o(i.main)
    main_screen                              0x0800921d   Thumb Code   176  lcdscreen.o(i.main_screen)
    menu_screen                              0x08009321   Thumb Code    76  lcdscreen.o(i.menu_screen)
    reset_screen                             0x080095c7   Thumb Code    36  lcdscreen.o(i.reset_screen)
    screen_init                              0x080095ed   Thumb Code    90  lcdscreen.o(i.screen_init)
    sd_init                                  0x08009661   Thumb Code    50  fifo.o(i.sd_init)
    start_recording_i2s                      0x080096e5   Thumb Code   182  fifo.o(i.start_recording_i2s)
    start_recording_lps                      0x080097a9   Thumb Code    82  fifo.o(i.start_recording_lps)
    stop_recording_i2s                       0x0800983d   Thumb Code    90  fifo.o(i.stop_recording_i2s)
    stop_recording_lps                       0x080098a1   Thumb Code    14  fifo.o(i.stop_recording_lps)
    _get_lc_numeric                          0x080099e5   Thumb Code    44  lc_numeric_c.o(locale$$code)
    __fpl_dretinf                            0x08009a11   Thumb Code    12  dretinf.o(x$fpl$dretinf)
    __aeabi_f2d                              0x08009a1d   Thumb Code     0  f2d.o(x$fpl$f2d)
    _f2d                                     0x08009a1d   Thumb Code    86  f2d.o(x$fpl$f2d)
    __aeabi_ul2f                             0x08009a73   Thumb Code     0  ffltll_clz.o(x$fpl$ffltll)
    _ll_uto_f                                0x08009a73   Thumb Code     6  ffltll_clz.o(x$fpl$ffltll)
    __aeabi_l2f                              0x08009a79   Thumb Code     0  ffltll_clz.o(x$fpl$ffltll)
    _ll_sto_f                                0x08009a79   Thumb Code    90  ffltll_clz.o(x$fpl$ffltll)
    __fpl_fnaninf                            0x08009ad3   Thumb Code   140  fnaninf.o(x$fpl$fnaninf)
    _fp_init                                 0x08009b5f   Thumb Code    10  fpinit.o(x$fpl$fpinit)
    __fplib_config_fpu_vfp                   0x08009b67   Thumb Code     0  fpinit.o(x$fpl$fpinit)
    __fplib_config_pureend_doubles           0x08009b67   Thumb Code     0  fpinit.o(x$fpl$fpinit)
    _printf_fp_dec                           0x08009b69   Thumb Code     4  printf1.o(x$fpl$printf1)
    __I$use$fp                               0x08009b6c   Number         0  usenofp.o(x$fpl$usenofp)
    IMG_37x37_BT_CN                          0x0800aeb8   Data        2738  fonts.o(.constdata)
    IMG_37x37_BT_NC                          0x0800b96a   Data        2738  fonts.o(.constdata)
    IMG_37x37_SD_MT                          0x0800c41c   Data        2738  fonts.o(.constdata)
    IMG_37x37_SD_UM                          0x0800cece   Data        2738  fonts.o(.constdata)
    IMG_24x37_BAT_CG                         0x0800d980   Data        1776  fonts.o(.constdata)
    IMG_24x37_BAT_CAN                        0x0800e070   Data        1776  fonts.o(.constdata)
    SD_Driver                                0x0800e760   Data          20  sd_diskio.o(.constdata)
    AHBPrescTable                            0x0800e77c   Data          16  system_stm32f4xx.o(.constdata)
    APBPrescTable                            0x0800e78c   Data           8  system_stm32f4xx.o(.constdata)
    Region$$Table$$Base                      0x0800edc0   Number         0  anon$$obj.o(Region$$Table)
    Region$$Table$$Limit                     0x0800ede0   Number         0  anon$$obj.o(Region$$Table)
    Font_16x26                               0x20000048   Data           8  fonts.o(.data)
    DMA_MIN_SIZE                             0x20000050   Data           2  st7789.o(.data)
    read_cnt                                 0x20000058   Data           1  main.o(.data)
    left_btn                                 0x20000059   Data           1  main.o(.data)
    ok_btn                                   0x2000005a   Data           1  main.o(.data)
    right_btn                                0x2000005b   Data           1  main.o(.data)
    btn_flag                                 0x2000005c   Data           1  main.o(.data)
    save_flag                                0x2000005d   Data           1  main.o(.data)
    nowScreen                                0x2000005e   Data           1  main.o(.data)
    half_i2s                                 0x2000005f   Data           1  main.o(.data)
    full_i2s                                 0x20000060   Data           1  main.o(.data)
    sample_i2s                               0x20000062   Data           2  main.o(.data)
    dataPressure                             0x20000064   Data           4  main.o(.data)
    dataTemperature                          0x20000068   Data           4  main.o(.data)
    dataAltitude                             0x2000006c   Data           4  main.o(.data)
    timeflag                                 0x20000070   Data           8  main.o(.data)
    retSD                                    0x20000084   Data           1  fatfs.o(.data)
    SDPath                                   0x20000085   Data           4  fatfs.o(.data)
    uwTickFreq                               0x2000008c   Data           1  stm32f4xx_hal.o(.data)
    uwTickPrio                               0x20000090   Data           4  stm32f4xx_hal.o(.data)
    uwTick                                   0x20000094   Data           4  stm32f4xx_hal.o(.data)
    SystemCoreClock                          0x20000098   Data           4  system_stm32f4xx.o(.data)
    disp_buf                                 0x200041f8   Data        2400  st7789.o(.bss)
    hi2c1                                    0x20004b58   Data          84  main.o(.bss)
    hi2s4                                    0x20004bac   Data          72  main.o(.bss)
    hiwdg                                    0x20004bf4   Data          12  main.o(.bss)
    hsd                                      0x20004c00   Data         132  main.o(.bss)
    hspi2                                    0x20004c84   Data          88  main.o(.bss)
    hspi5                                    0x20004cdc   Data          88  main.o(.bss)
    htim6                                    0x20004d34   Data          64  main.o(.bss)
    htim7                                    0x20004d74   Data          64  main.o(.bss)
    htim9                                    0x20004db4   Data          64  main.o(.bss)
    audioBuffer                              0x20004df4   Data        4096  main.o(.bss)
    hdma_spi4_rx                             0x20005df4   Data          96  main.o(.bss)
    hdma_sdio_tx                             0x20005e54   Data          96  main.o(.bss)
    hdma_sdio_rx                             0x20005eb4   Data          96  main.o(.bss)
    hdma_spi2_rx                             0x20005f14   Data          96  main.o(.bss)
    hdma_spi2_tx                             0x20005f74   Data          96  main.o(.bss)
    hdma_spi5_rx                             0x20005fd4   Data          96  main.o(.bss)
    hdma_spi5_tx                             0x20006034   Data          96  main.o(.bss)
    htim1                                    0x20006094   Data          64  stm32f4xx_hal_timebase_tim.o(.bss)
    disk                                     0x20006324   Data          12  ff_gen_drv.o(.bss)
    __libspace_start                         0x20006330   Data          96  libspace.o(.bss)
    __temporary_stack_top$libspace           0x20006390   Data           0  libspace.o(.bss)



==============================================================================

Memory Map of the image

  Image Entry point : 0x080001d9

  Load Region LR_IROM1 (Base: 0x08000000, Size: 0x0000eea0, Max: 0x00100000, ABSOLUTE)

    Execution Region ER_IROM1 (Exec base: 0x08000000, Load base: 0x08000000, Size: 0x0000edfc, Max: 0x00100000, ABSOLUTE)

    Exec Addr    Load Addr    Size         Type   Attr      Idx    E Section Name        Object

    0x08000000   0x08000000   0x000001d8   Data   RO            3    RESET               startup_stm32f413xx.o
    0x080001d8   0x080001d8   0x00000008   Code   RO         5741  * !!!main             c_w.l(__main.o)
    0x080001e0   0x080001e0   0x00000034   Code   RO         6060    !!!scatter          c_w.l(__scatter.o)
    0x08000214   0x08000214   0x0000001a   Code   RO         6062    !!handler_copy      c_w.l(__scatter_copy.o)
    0x0800022e   0x0800022e   0x00000002   PAD
    0x08000230   0x08000230   0x0000001c   Code   RO         6064    !!handler_zi        c_w.l(__scatter_zi.o)
    0x0800024c   0x0800024c   0x00000000   Code   RO         5732    .ARM.Collect$$_printf_percent$$00000000  c_w.l(_printf_percent.o)
    0x0800024c   0x0800024c   0x00000006   Code   RO         5731    .ARM.Collect$$_printf_percent$$00000003  c_w.l(_printf_f.o)
    0x08000252   0x08000252   0x00000006   Code   RO         5730    .ARM.Collect$$_printf_percent$$00000009  c_w.l(_printf_d.o)
    0x08000258   0x08000258   0x00000004   Code   RO         5805    .ARM.Collect$$_printf_percent$$00000017  c_w.l(_printf_percent_end.o)
    0x0800025c   0x0800025c   0x00000002   Code   RO         5997    .ARM.Collect$$libinit$$00000000  c_w.l(libinit.o)
    0x0800025e   0x0800025e   0x00000004   Code   RO         5812    .ARM.Collect$$libinit$$00000001  c_w.l(libinit2.o)
    0x08000262   0x08000262   0x00000000   Code   RO         5815    .ARM.Collect$$libinit$$00000004  c_w.l(libinit2.o)
    0x08000262   0x08000262   0x00000008   Code   RO         5816    .ARM.Collect$$libinit$$00000005  c_w.l(libinit2.o)
    0x0800026a   0x0800026a   0x00000000   Code   RO         5818    .ARM.Collect$$libinit$$0000000A  c_w.l(libinit2.o)
    0x0800026a   0x0800026a   0x00000000   Code   RO         5820    .ARM.Collect$$libinit$$0000000C  c_w.l(libinit2.o)
    0x0800026a   0x0800026a   0x00000000   Code   RO         5822    .ARM.Collect$$libinit$$0000000E  c_w.l(libinit2.o)
    0x0800026a   0x0800026a   0x00000006   Code   RO         5823    .ARM.Collect$$libinit$$0000000F  c_w.l(libinit2.o)
    0x08000270   0x08000270   0x00000000   Code   RO         5825    .ARM.Collect$$libinit$$00000011  c_w.l(libinit2.o)
    0x08000270   0x08000270   0x00000000   Code   RO         5827    .ARM.Collect$$libinit$$00000013  c_w.l(libinit2.o)
    0x08000270   0x08000270   0x00000000   Code   RO         5829    .ARM.Collect$$libinit$$00000015  c_w.l(libinit2.o)
    0x08000270   0x08000270   0x0000000a   Code   RO         5830    .ARM.Collect$$libinit$$00000016  c_w.l(libinit2.o)
    0x0800027a   0x0800027a   0x00000000   Code   RO         5831    .ARM.Collect$$libinit$$00000017  c_w.l(libinit2.o)
    0x0800027a   0x0800027a   0x00000000   Code   RO         5833    .ARM.Collect$$libinit$$00000019  c_w.l(libinit2.o)
    0x0800027a   0x0800027a   0x00000000   Code   RO         5835    .ARM.Collect$$libinit$$0000001B  c_w.l(libinit2.o)
    0x0800027a   0x0800027a   0x00000000   Code   RO         5837    .ARM.Collect$$libinit$$0000001D  c_w.l(libinit2.o)
    0x0800027a   0x0800027a   0x00000000   Code   RO         5839    .ARM.Collect$$libinit$$0000001F  c_w.l(libinit2.o)
    0x0800027a   0x0800027a   0x00000000   Code   RO         5841    .ARM.Collect$$libinit$$00000021  c_w.l(libinit2.o)
    0x0800027a   0x0800027a   0x00000000   Code   RO         5843    .ARM.Collect$$libinit$$00000023  c_w.l(libinit2.o)
    0x0800027a   0x0800027a   0x00000000   Code   RO         5845    .ARM.Collect$$libinit$$00000025  c_w.l(libinit2.o)
    0x0800027a   0x0800027a   0x00000000   Code   RO         5849    .ARM.Collect$$libinit$$0000002C  c_w.l(libinit2.o)
    0x0800027a   0x0800027a   0x00000000   Code   RO         5851    .ARM.Collect$$libinit$$0000002E  c_w.l(libinit2.o)
    0x0800027a   0x0800027a   0x00000000   Code   RO         5853    .ARM.Collect$$libinit$$00000030  c_w.l(libinit2.o)
    0x0800027a   0x0800027a   0x00000000   Code   RO         5855    .ARM.Collect$$libinit$$00000032  c_w.l(libinit2.o)
    0x0800027a   0x0800027a   0x00000002   Code   RO         5856    .ARM.Collect$$libinit$$00000033  c_w.l(libinit2.o)
    0x0800027c   0x0800027c   0x00000002   Code   RO         6057    .ARM.Collect$$libshutdown$$00000000  c_w.l(libshutdown.o)
    0x0800027e   0x0800027e   0x00000000   Code   RO         6013    .ARM.Collect$$libshutdown$$00000002  c_w.l(libshutdown2.o)
    0x0800027e   0x0800027e   0x00000000   Code   RO         6015    .ARM.Collect$$libshutdown$$00000004  c_w.l(libshutdown2.o)
    0x0800027e   0x0800027e   0x00000000   Code   RO         6017    .ARM.Collect$$libshutdown$$00000006  c_w.l(libshutdown2.o)
    0x0800027e   0x0800027e   0x00000000   Code   RO         6020    .ARM.Collect$$libshutdown$$00000009  c_w.l(libshutdown2.o)
    0x0800027e   0x0800027e   0x00000000   Code   RO         6023    .ARM.Collect$$libshutdown$$0000000C  c_w.l(libshutdown2.o)
    0x0800027e   0x0800027e   0x00000000   Code   RO         6025    .ARM.Collect$$libshutdown$$0000000E  c_w.l(libshutdown2.o)
    0x0800027e   0x0800027e   0x00000000   Code   RO         6028    .ARM.Collect$$libshutdown$$00000011  c_w.l(libshutdown2.o)
    0x0800027e   0x0800027e   0x00000002   Code   RO         6029    .ARM.Collect$$libshutdown$$00000012  c_w.l(libshutdown2.o)
    0x08000280   0x08000280   0x00000000   Code   RO         5765    .ARM.Collect$$rtentry$$00000000  c_w.l(__rtentry.o)
    0x08000280   0x08000280   0x00000000   Code   RO         5886    .ARM.Collect$$rtentry$$00000002  c_w.l(__rtentry2.o)
    0x08000280   0x08000280   0x00000006   Code   RO         5898    .ARM.Collect$$rtentry$$00000004  c_w.l(__rtentry4.o)
    0x08000286   0x08000286   0x00000000   Code   RO         5888    .ARM.Collect$$rtentry$$00000009  c_w.l(__rtentry2.o)
    0x08000286   0x08000286   0x00000004   Code   RO         5889    .ARM.Collect$$rtentry$$0000000A  c_w.l(__rtentry2.o)
    0x0800028a   0x0800028a   0x00000000   Code   RO         5891    .ARM.Collect$$rtentry$$0000000C  c_w.l(__rtentry2.o)
    0x0800028a   0x0800028a   0x00000008   Code   RO         5892    .ARM.Collect$$rtentry$$0000000D  c_w.l(__rtentry2.o)
    0x08000292   0x08000292   0x00000002   Code   RO         6000    .ARM.Collect$$rtexit$$00000000  c_w.l(rtexit.o)
    0x08000294   0x08000294   0x00000000   Code   RO         6033    .ARM.Collect$$rtexit$$00000002  c_w.l(rtexit2.o)
    0x08000294   0x08000294   0x00000004   Code   RO         6034    .ARM.Collect$$rtexit$$00000003  c_w.l(rtexit2.o)
    0x08000298   0x08000298   0x00000006   Code   RO         6035    .ARM.Collect$$rtexit$$00000004  c_w.l(rtexit2.o)
    0x0800029e   0x0800029e   0x00000002   PAD
    0x080002a0   0x080002a0   0x00000000   Code   RO         5914    .emb_text           c_w.l(maybetermalloc1.o)
    0x080002a0   0x080002a0   0x00000040   Code   RO            4    .text               startup_stm32f413xx.o
    0x080002e0   0x080002e0   0x0000005e   Code   RO         5640    .text               c_w.l(h1_alloc.o)
    0x0800033e   0x0800033e   0x0000004e   Code   RO         5642    .text               c_w.l(h1_free.o)
    0x0800038c   0x0800038c   0x000000ee   Code   RO         5698    .text               c_w.l(lludivv7m.o)
    0x0800047a   0x0800047a   0x00000002   PAD
    0x0800047c   0x0800047c   0x00000028   Code   RO         5702    .text               c_w.l(noretval__2sprintf.o)
    0x080004a4   0x080004a4   0x0000004e   Code   RO         5706    .text               c_w.l(_printf_pad.o)
    0x080004f2   0x080004f2   0x00000002   PAD
    0x080004f4   0x080004f4   0x00000078   Code   RO         5708    .text               c_w.l(_printf_dec.o)
    0x0800056c   0x0800056c   0x0000010e   Code   RO         5718    .text               c_w.l(__printf_wp.o)
    0x0800067a   0x0800067a   0x0000003e   Code   RO         5733    .text               c_w.l(strlen.o)
    0x080006b8   0x080006b8   0x00000010   Code   RO         5735    .text               c_w.l(aeabi_memset.o)
    0x080006c8   0x080006c8   0x0000004e   Code   RO         5737    .text               c_w.l(rt_memclr_w.o)
    0x08000716   0x08000716   0x00000006   Code   RO         5739    .text               c_w.l(heapauxi.o)
    0x0800071c   0x0800071c   0x00000008   Code   RO         5773    .text               c_w.l(rt_heap_descriptor_intlibspace.o)
    0x08000724   0x08000724   0x00000004   Code   RO         5775    .text               c_w.l(hguard.o)
    0x08000728   0x08000728   0x0000008a   Code   RO         5777    .text               c_w.l(init_alloc.o)
    0x080007b2   0x080007b2   0x0000000e   Code   RO         5781    .text               c_w.l(h1_init.o)
    0x080007c0   0x080007c0   0x00000016   Code   RO         5795    .text               c_w.l(_rserrno.o)
    0x080007d6   0x080007d6   0x000000b2   Code   RO         5797    .text               c_w.l(_printf_intcommon.o)
    0x08000888   0x08000888   0x0000041e   Code   RO         5799    .text               c_w.l(_printf_fp_dec.o)
    0x08000ca6   0x08000ca6   0x00000002   PAD
    0x08000ca8   0x08000ca8   0x00000030   Code   RO         5801    .text               c_w.l(_printf_char_common.o)
    0x08000cd8   0x08000cd8   0x0000000a   Code   RO         5803    .text               c_w.l(_sputc.o)
    0x08000ce2   0x08000ce2   0x00000044   Code   RO         5808    .text               c_w.l(rt_memclr.o)
    0x08000d26   0x08000d26   0x00000002   PAD
    0x08000d28   0x08000d28   0x00000008   Code   RO         5882    .text               c_w.l(libspace.o)
    0x08000d30   0x08000d30   0x00000008   Code   RO         5905    .text               c_w.l(rt_locale_intlibspace.o)
    0x08000d38   0x08000d38   0x00000008   Code   RO         5910    .text               c_w.l(rt_errno_addr_intlibspace.o)
    0x08000d40   0x08000d40   0x00000034   Code   RO         5916    .text               c_w.l(h1_extend.o)
    0x08000d74   0x08000d74   0x0000008a   Code   RO         5920    .text               c_w.l(lludiv10.o)
    0x08000dfe   0x08000dfe   0x00000002   PAD
    0x08000e00   0x08000e00   0x00000080   Code   RO         5922    .text               c_w.l(_printf_fp_infnan.o)
    0x08000e80   0x08000e80   0x000000e4   Code   RO         5926    .text               c_w.l(bigflt0.o)
    0x08000f64   0x08000f64   0x0000000e   Code   RO         5954    .text               c_w.l(defsig_rtmem_outer.o)
    0x08000f72   0x08000f72   0x00000002   Code   RO         5967    .text               c_w.l(use_no_semi.o)
    0x08000f74   0x08000f74   0x00000000   Code   RO         5969    .text               c_w.l(indicate_semi.o)
    0x08000f74   0x08000f74   0x0000004a   Code   RO         5970    .text               c_w.l(sys_stackheap_outer.o)
    0x08000fbe   0x08000fbe   0x00000012   Code   RO         5976    .text               c_w.l(exit.o)
    0x08000fd0   0x08000fd0   0x0000000a   Code   RO         5978    .text               c_w.l(defsig_exit.o)
    0x08000fda   0x08000fda   0x00000002   PAD
    0x08000fdc   0x08000fdc   0x00000050   Code   RO         5984    .text               c_w.l(defsig_rtmem_inner.o)
    0x0800102c   0x0800102c   0x00000080   Code   RO         5986    .text               c_w.l(strcmpv7m.o)
    0x080010ac   0x080010ac   0x0000000c   Code   RO         5998    .text               c_w.l(sys_exit.o)
    0x080010b8   0x080010b8   0x00000032   Code   RO         6008    .text               c_w.l(defsig_general.o)
    0x080010ea   0x080010ea   0x0000000e   Code   RO         6030    .text               c_w.l(sys_wrch.o)
    0x080010f8   0x080010f8   0x0000003e   Code   RO         5929    CL$$btod_d2e        c_w.l(btod.o)
    0x08001136   0x08001136   0x00000046   Code   RO         5931    CL$$btod_d2e_denorm_low  c_w.l(btod.o)
    0x0800117c   0x0800117c   0x00000060   Code   RO         5930    CL$$btod_d2e_norm_op1  c_w.l(btod.o)
    0x080011dc   0x080011dc   0x00000338   Code   RO         5939    CL$$btod_div_common  c_w.l(btod.o)
    0x08001514   0x08001514   0x000000dc   Code   RO         5936    CL$$btod_e2e        c_w.l(btod.o)
    0x080015f0   0x080015f0   0x0000002a   Code   RO         5933    CL$$btod_ediv       c_w.l(btod.o)
    0x0800161a   0x0800161a   0x0000002a   Code   RO         5932    CL$$btod_emul       c_w.l(btod.o)
    0x08001644   0x08001644   0x00000244   Code   RO         5938    CL$$btod_mult_common  c_w.l(btod.o)
    0x08001888   0x08001888   0x00000018   Code   RO         1306    i.BSP_PlatformIsDetected  fatfs_platform.o
    0x080018a0   0x080018a0   0x00000002   Code   RO         1108    i.BSP_SD_AbortCallback  bsp_driver_sd.o
    0x080018a2   0x080018a2   0x00000002   PAD
    0x080018a4   0x080018a4   0x0000000c   Code   RO         1111    i.BSP_SD_GetCardInfo  bsp_driver_sd.o
    0x080018b0   0x080018b0   0x00000018   Code   RO         1112    i.BSP_SD_GetCardState  bsp_driver_sd.o
    0x080018c8   0x080018c8   0x00000030   Code   RO         1114    i.BSP_SD_Init       bsp_driver_sd.o
    0x080018f8   0x080018f8   0x0000001a   Code   RO         1115    i.BSP_SD_IsDetected  bsp_driver_sd.o
    0x08001912   0x08001912   0x00000002   PAD
    0x08001914   0x08001914   0x0000001c   Code   RO         1117    i.BSP_SD_ReadBlocks_DMA  bsp_driver_sd.o
    0x08001930   0x08001930   0x0000000c   Code   RO         1229    i.BSP_SD_ReadCpltCallback  sd_diskio.o
    0x0800193c   0x0800193c   0x0000001c   Code   RO         1120    i.BSP_SD_WriteBlocks_DMA  bsp_driver_sd.o
    0x08001958   0x08001958   0x0000000c   Code   RO         1230    i.BSP_SD_WriteCpltCallback  sd_diskio.o
    0x08001964   0x08001964   0x00000002   Code   RO          794    i.BusFault_Handler  stm32f4xx_it.o
    0x08001966   0x08001966   0x00000002   PAD
    0x08001968   0x08001968   0x0000000c   Code   RO          795    i.DMA1_Stream3_IRQHandler  stm32f4xx_it.o
    0x08001974   0x08001974   0x0000000c   Code   RO          796    i.DMA1_Stream4_IRQHandler  stm32f4xx_it.o
    0x08001980   0x08001980   0x0000000c   Code   RO          797    i.DMA2_Stream0_IRQHandler  stm32f4xx_it.o
    0x0800198c   0x0800198c   0x0000000c   Code   RO          798    i.DMA2_Stream3_IRQHandler  stm32f4xx_it.o
    0x08001998   0x08001998   0x0000000c   Code   RO          799    i.DMA2_Stream4_IRQHandler  stm32f4xx_it.o
    0x080019a4   0x080019a4   0x0000000c   Code   RO          800    i.DMA2_Stream5_IRQHandler  stm32f4xx_it.o
    0x080019b0   0x080019b0   0x0000000c   Code   RO          801    i.DMA2_Stream6_IRQHandler  stm32f4xx_it.o
    0x080019bc   0x080019bc   0x00000028   Code   RO         1869    i.DMA_CalcBaseAndBitshift  stm32f4xx_hal_dma.o
    0x080019e4   0x080019e4   0x00000054   Code   RO         1870    i.DMA_CheckFifoParam  stm32f4xx_hal_dma.o
    0x08001a38   0x08001a38   0x00000028   Code   RO         1871    i.DMA_SetConfig     stm32f4xx_hal_dma.o
    0x08001a60   0x08001a60   0x00000002   Code   RO          802    i.DebugMon_Handler  stm32f4xx_it.o
    0x08001a62   0x08001a62   0x00000006   Code   RO          803    i.EXTI4_IRQHandler  stm32f4xx_it.o
    0x08001a68   0x08001a68   0x00000012   Code   RO          804    i.EXTI9_5_IRQHandler  stm32f4xx_it.o
    0x08001a7a   0x08001a7a   0x00000004   Code   RO          655    i.Error_Handler     main.o
    0x08001a7e   0x08001a7e   0x00000006   Code   RO         5531    i.FATFS_LinkDriver  ff_gen_drv.o
    0x08001a84   0x08001a84   0x00000040   Code   RO         5532    i.FATFS_LinkDriverEx  ff_gen_drv.o
    0x08001ac4   0x08001ac4   0x00000024   Code   RO         1873    i.HAL_DMA_Abort_IT  stm32f4xx_hal_dma.o
    0x08001ae8   0x08001ae8   0x00000004   Code   RO         1875    i.HAL_DMA_GetError  stm32f4xx_hal_dma.o
    0x08001aec   0x08001aec   0x000001a0   Code   RO         1877    i.HAL_DMA_IRQHandler  stm32f4xx_hal_dma.o
    0x08001c8c   0x08001c8c   0x000000d4   Code   RO         1878    i.HAL_DMA_Init      stm32f4xx_hal_dma.o
    0x08001d60   0x08001d60   0x0000006e   Code   RO         1882    i.HAL_DMA_Start_IT  stm32f4xx_hal_dma.o
    0x08001dce   0x08001dce   0x00000002   PAD
    0x08001dd0   0x08001dd0   0x00000024   Code   RO         2315    i.HAL_Delay         stm32f4xx_hal.o
    0x08001df4   0x08001df4   0x00000024   Code   RO          656    i.HAL_GPIO_EXTI_Callback  main.o
    0x08001e18   0x08001e18   0x00000018   Code   RO         1764    i.HAL_GPIO_EXTI_IRQHandler  stm32f4xx_hal_gpio.o
    0x08001e30   0x08001e30   0x000001a8   Code   RO         1765    i.HAL_GPIO_Init     stm32f4xx_hal_gpio.o
    0x08001fd8   0x08001fd8   0x0000000a   Code   RO         1767    i.HAL_GPIO_ReadPin  stm32f4xx_hal_gpio.o
    0x08001fe2   0x08001fe2   0x0000000a   Code   RO         1769    i.HAL_GPIO_WritePin  stm32f4xx_hal_gpio.o
    0x08001fec   0x08001fec   0x0000000c   Code   RO         2321    i.HAL_GetTick       stm32f4xx_hal.o
    0x08001ff8   0x08001ff8   0x00000188   Code   RO         2577    i.HAL_I2C_Init      stm32f4xx_hal_i2c.o
    0x08002180   0x08002180   0x000001f8   Code   RO         2595    i.HAL_I2C_Mem_Read  stm32f4xx_hal_i2c.o
    0x08002378   0x08002378   0x00000130   Code   RO         2598    i.HAL_I2C_Mem_Write  stm32f4xx_hal_i2c.o
    0x080024a8   0x080024a8   0x00000068   Code   RO          967    i.HAL_I2C_MspInit   stm32f4xx_hal_msp.o
    0x08002510   0x08002510   0x000001f4   Code   RO         3202    i.HAL_I2SEx_FullDuplex_IRQHandler  stm32f4xx_hal_i2s_ex.o
    0x08002704   0x08002704   0x00000002   Code   RO         3206    i.HAL_I2SEx_TxRxCpltCallback  stm32f4xx_hal_i2s_ex.o
    0x08002706   0x08002706   0x00000002   Code   RO         3027    i.HAL_I2S_ErrorCallback  stm32f4xx_hal_i2s.o
    0x08002708   0x08002708   0x000001a0   Code   RO         3031    i.HAL_I2S_Init      stm32f4xx_hal_i2s.o
    0x080028a8   0x080028a8   0x000000e4   Code   RO          969    i.HAL_I2S_MspInit   stm32f4xx_hal_msp.o
    0x0800298c   0x0800298c   0x000000d4   Code   RO         3035    i.HAL_I2S_Receive_DMA  stm32f4xx_hal_i2s.o
    0x08002a60   0x08002a60   0x0000000c   Code   RO          657    i.HAL_I2S_RxCpltCallback  main.o
    0x08002a6c   0x08002a6c   0x00000018   Code   RO          658    i.HAL_I2S_RxHalfCpltCallback  main.o
    0x08002a84   0x08002a84   0x00000002   Code   RO         3042    i.HAL_I2S_TxCpltCallback  stm32f4xx_hal_i2s.o
    0x08002a86   0x08002a86   0x00000002   PAD
    0x08002a88   0x08002a88   0x00000052   Code   RO         3286    i.HAL_IWDG_Init     stm32f4xx_hal_iwdg.o
    0x08002ada   0x08002ada   0x0000000c   Code   RO         3287    i.HAL_IWDG_Refresh  stm32f4xx_hal_iwdg.o
    0x08002ae6   0x08002ae6   0x00000002   PAD
    0x08002ae8   0x08002ae8   0x00000010   Code   RO         2327    i.HAL_IncTick       stm32f4xx_hal.o
    0x08002af8   0x08002af8   0x00000034   Code   RO         2328    i.HAL_Init          stm32f4xx_hal.o
    0x08002b2c   0x08002b2c   0x00000074   Code   RO         1069    i.HAL_InitTick      stm32f4xx_hal_timebase_tim.o
    0x08002ba0   0x08002ba0   0x00000030   Code   RO          970    i.HAL_MspInit       stm32f4xx_hal_msp.o
    0x08002bd0   0x08002bd0   0x0000001a   Code   RO         2178    i.HAL_NVIC_EnableIRQ  stm32f4xx_hal_cortex.o
    0x08002bea   0x08002bea   0x00000002   PAD
    0x08002bec   0x08002bec   0x00000040   Code   RO         2184    i.HAL_NVIC_SetPriority  stm32f4xx_hal_cortex.o
    0x08002c2c   0x08002c2c   0x00000024   Code   RO         2185    i.HAL_NVIC_SetPriorityGrouping  stm32f4xx_hal_cortex.o
    0x08002c50   0x08002c50   0x00000010   Code   RO         1981    i.HAL_PWR_DisableWakeUpPin  stm32f4xx_hal_pwr.o
    0x08002c60   0x08002c60   0x00000010   Code   RO         1986    i.HAL_PWR_EnableWakeUpPin  stm32f4xx_hal_pwr.o
    0x08002c70   0x08002c70   0x00000020   Code   RO         1988    i.HAL_PWR_EnterSTANDBYMode  stm32f4xx_hal_pwr.o
    0x08002c90   0x08002c90   0x000000dc   Code   RO         1473    i.HAL_RCCEx_GetPeriphCLKFreq  stm32f4xx_hal_rcc_ex.o
    0x08002d6c   0x08002d6c   0x00000338   Code   RO         1474    i.HAL_RCCEx_PeriphCLKConfig  stm32f4xx_hal_rcc_ex.o
    0x080030a4   0x080030a4   0x00000134   Code   RO         1369    i.HAL_RCC_ClockConfig  stm32f4xx_hal_rcc.o
    0x080031d8   0x080031d8   0x00000040   Code   RO         1373    i.HAL_RCC_GetClockConfig  stm32f4xx_hal_rcc.o
    0x08003218   0x08003218   0x00000020   Code   RO         1376    i.HAL_RCC_GetPCLK1Freq  stm32f4xx_hal_rcc.o
    0x08003238   0x08003238   0x00000020   Code   RO         1377    i.HAL_RCC_GetPCLK2Freq  stm32f4xx_hal_rcc.o
    0x08003258   0x08003258   0x00000064   Code   RO         1378    i.HAL_RCC_GetSysClockFreq  stm32f4xx_hal_rcc.o
    0x080032bc   0x080032bc   0x00000324   Code   RO         1478    i.HAL_RCC_OscConfig  stm32f4xx_hal_rcc_ex.o
    0x080035e0   0x080035e0   0x00000008   Code   RO         1122    i.HAL_SD_AbortCallback  bsp_driver_sd.o
    0x080035e8   0x080035e8   0x000000f4   Code   RO         3583    i.HAL_SD_ConfigWideBusOperation  stm32f4xx_hal_sd.o
    0x080036dc   0x080036dc   0x00000002   Code   RO         3586    i.HAL_SD_ErrorCallback  stm32f4xx_hal_sd.o
    0x080036de   0x080036de   0x00000002   PAD
    0x080036e0   0x080036e0   0x00000198   Code   RO         3588    i.HAL_SD_GetCardCSD  stm32f4xx_hal_sd.o
    0x08003878   0x08003878   0x00000024   Code   RO         3589    i.HAL_SD_GetCardInfo  stm32f4xx_hal_sd.o
    0x0800389c   0x0800389c   0x0000002c   Code   RO         3590    i.HAL_SD_GetCardState  stm32f4xx_hal_sd.o
    0x080038c8   0x080038c8   0x000001f8   Code   RO         3594    i.HAL_SD_IRQHandler  stm32f4xx_hal_sd.o
    0x08003ac0   0x08003ac0   0x00000036   Code   RO         3595    i.HAL_SD_Init       stm32f4xx_hal_sd.o
    0x08003af6   0x08003af6   0x00000002   PAD
    0x08003af8   0x08003af8   0x00000054   Code   RO         3596    i.HAL_SD_InitCard   stm32f4xx_hal_sd.o
    0x08003b4c   0x08003b4c   0x00000188   Code   RO          972    i.HAL_SD_MspInit    stm32f4xx_hal_msp.o
    0x08003cd4   0x08003cd4   0x00000130   Code   RO         3600    i.HAL_SD_ReadBlocks_DMA  stm32f4xx_hal_sd.o
    0x08003e04   0x08003e04   0x00000008   Code   RO         1123    i.HAL_SD_RxCpltCallback  bsp_driver_sd.o
    0x08003e0c   0x08003e0c   0x00000008   Code   RO         1124    i.HAL_SD_TxCpltCallback  bsp_driver_sd.o
    0x08003e14   0x08003e14   0x00000130   Code   RO         3605    i.HAL_SD_WriteBlocks_DMA  stm32f4xx_hal_sd.o
    0x08003f44   0x08003f44   0x00000002   Code   RO         3812    i.HAL_SPI_ErrorCallback  stm32f4xx_hal_spi.o
    0x08003f46   0x08003f46   0x00000006   Code   RO         3814    i.HAL_SPI_GetState  stm32f4xx_hal_spi.o
    0x08003f4c   0x08003f4c   0x000000fc   Code   RO         3815    i.HAL_SPI_IRQHandler  stm32f4xx_hal_spi.o
    0x08004048   0x08004048   0x00000080   Code   RO         3816    i.HAL_SPI_Init      stm32f4xx_hal_spi.o
    0x080040c8   0x080040c8   0x000001d8   Code   RO          974    i.HAL_SPI_MspInit   stm32f4xx_hal_msp.o
    0x080042a0   0x080042a0   0x00000002   Code   RO         3822    i.HAL_SPI_RxCpltCallback  stm32f4xx_hal_spi.o
    0x080042a2   0x080042a2   0x00000002   Code   RO         3823    i.HAL_SPI_RxHalfCpltCallback  stm32f4xx_hal_spi.o
    0x080042a4   0x080042a4   0x0000015c   Code   RO         3824    i.HAL_SPI_Transmit  stm32f4xx_hal_spi.o
    0x08004400   0x08004400   0x00000124   Code   RO         3826    i.HAL_SPI_TransmitReceive_DMA  stm32f4xx_hal_spi.o
    0x08004524   0x08004524   0x000000cc   Code   RO         3828    i.HAL_SPI_Transmit_DMA  stm32f4xx_hal_spi.o
    0x080045f0   0x080045f0   0x00000002   Code   RO         3830    i.HAL_SPI_TxCpltCallback  stm32f4xx_hal_spi.o
    0x080045f2   0x080045f2   0x00000002   Code   RO         3831    i.HAL_SPI_TxHalfCpltCallback  stm32f4xx_hal_spi.o
    0x080045f4   0x080045f4   0x00000002   Code   RO         3832    i.HAL_SPI_TxRxCpltCallback  stm32f4xx_hal_spi.o
    0x080045f6   0x080045f6   0x00000002   Code   RO         3833    i.HAL_SPI_TxRxHalfCpltCallback  stm32f4xx_hal_spi.o
    0x080045f8   0x080045f8   0x00000002   Code   RO         4804    i.HAL_TIMEx_BreakCallback  stm32f4xx_hal_tim_ex.o
    0x080045fa   0x080045fa   0x00000002   Code   RO         4805    i.HAL_TIMEx_CommutCallback  stm32f4xx_hal_tim_ex.o
    0x080045fc   0x080045fc   0x00000090   Code   RO         4822    i.HAL_TIMEx_MasterConfigSynchronization  stm32f4xx_hal_tim_ex.o
    0x0800468c   0x0800468c   0x00000036   Code   RO         4129    i.HAL_TIM_Base_Init  stm32f4xx_hal_tim.o
    0x080046c2   0x080046c2   0x00000002   PAD
    0x080046c4   0x080046c4   0x00000064   Code   RO          976    i.HAL_TIM_Base_MspInit  stm32f4xx_hal_msp.o
    0x08004728   0x08004728   0x00000022   Code   RO         4134    i.HAL_TIM_Base_Start_IT  stm32f4xx_hal_tim.o
    0x0800474a   0x0800474a   0x00000002   Code   RO         4158    i.HAL_TIM_IC_CaptureCallback  stm32f4xx_hal_tim.o
    0x0800474c   0x0800474c   0x00000166   Code   RO         4172    i.HAL_TIM_IRQHandler  stm32f4xx_hal_tim.o
    0x080048b2   0x080048b2   0x00000002   PAD
    0x080048b4   0x080048b4   0x00000054   Code   RO          977    i.HAL_TIM_MspPostInit  stm32f4xx_hal_msp.o
    0x08004908   0x08004908   0x00000002   Code   RO         4175    i.HAL_TIM_OC_DelayElapsedCallback  stm32f4xx_hal_tim.o
    0x0800490a   0x0800490a   0x000000d0   Code   RO         4196    i.HAL_TIM_PWM_ConfigChannel  stm32f4xx_hal_tim.o
    0x080049da   0x080049da   0x00000036   Code   RO         4199    i.HAL_TIM_PWM_Init  stm32f4xx_hal_tim.o
    0x08004a10   0x08004a10   0x0000003c   Code   RO          979    i.HAL_TIM_PWM_MspInit  stm32f4xx_hal_msp.o
    0x08004a4c   0x08004a4c   0x00000002   Code   RO         4202    i.HAL_TIM_PWM_PulseFinishedCallback  stm32f4xx_hal_tim.o
    0x08004a4e   0x08004a4e   0x00000002   PAD
    0x08004a50   0x08004a50   0x00000044   Code   RO         4204    i.HAL_TIM_PWM_Start  stm32f4xx_hal_tim.o
    0x08004a94   0x08004a94   0x0000005c   Code   RO          659    i.HAL_TIM_PeriodElapsedCallback  main.o
    0x08004af0   0x08004af0   0x00000002   Code   RO         4215    i.HAL_TIM_TriggerCallback  stm32f4xx_hal_tim.o
    0x08004af2   0x08004af2   0x00000002   Code   RO          805    i.HardFault_Handler  stm32f4xx_it.o
    0x08004af4   0x08004af4   0x0000002e   Code   RO         2619    i.I2C_IsAcknowledgeFailed  stm32f4xx_hal_i2c.o
    0x08004b22   0x08004b22   0x00000002   PAD
    0x08004b24   0x08004b24   0x000000fc   Code   RO         2629    i.I2C_RequestMemoryRead  stm32f4xx_hal_i2c.o
    0x08004c20   0x08004c20   0x000000a8   Code   RO         2630    i.I2C_RequestMemoryWrite  stm32f4xx_hal_i2c.o
    0x08004cc8   0x08004cc8   0x0000004c   Code   RO         2633    i.I2C_WaitOnBTFFlagUntilTimeout  stm32f4xx_hal_i2c.o
    0x08004d14   0x08004d14   0x00000068   Code   RO         2634    i.I2C_WaitOnFlagUntilTimeout  stm32f4xx_hal_i2c.o
    0x08004d7c   0x08004d7c   0x00000096   Code   RO         2635    i.I2C_WaitOnMasterAddressFlagUntilTimeout  stm32f4xx_hal_i2c.o
    0x08004e12   0x08004e12   0x00000066   Code   RO         2636    i.I2C_WaitOnRXNEFlagUntilTimeout  stm32f4xx_hal_i2c.o
    0x08004e78   0x08004e78   0x0000004c   Code   RO         2637    i.I2C_WaitOnTXEFlagUntilTimeout  stm32f4xx_hal_i2c.o
    0x08004ec4   0x08004ec4   0x00000060   Code   RO         3209    i.I2SEx_RxISR_I2SExt  stm32f4xx_hal_i2s_ex.o
    0x08004f24   0x08004f24   0x00000060   Code   RO         3210    i.I2SEx_TxISR_I2SExt  stm32f4xx_hal_i2s_ex.o
    0x08004f84   0x08004f84   0x00000028   Code   RO         3044    i.I2S_DMAError      stm32f4xx_hal_i2s.o
    0x08004fac   0x08004fac   0x00000024   Code   RO         3045    i.I2S_DMARxCplt     stm32f4xx_hal_i2s.o
    0x08004fd0   0x08004fd0   0x0000000a   Code   RO         3046    i.I2S_DMARxHalfCplt  stm32f4xx_hal_i2s.o
    0x08004fda   0x08004fda   0x000000f2   Code   RO         3049    i.I2S_IRQHandler    stm32f4xx_hal_i2s.o
    0x080050cc   0x080050cc   0x00000050   Code   RO          491    i.LPS22HH_calAltitude  lps22hh.o
    0x0800511c   0x0800511c   0x00000060   Code   RO          492    i.LPS22HH_readMsg   lps22hh.o
    0x0800517c   0x0800517c   0x00000038   Code   RO          493    i.LPS22HH_readPressure  lps22hh.o
    0x080051b4   0x080051b4   0x00000030   Code   RO          494    i.LPS22HH_readTemperature  lps22hh.o
    0x080051e4   0x080051e4   0x00000016   Code   RO          495    i.LPS22HH_reboot    lps22hh.o
    0x080051fa   0x080051fa   0x00000002   PAD
    0x080051fc   0x080051fc   0x00000054   Code   RO          496    i.LPS22HH_sendMsg   lps22hh.o
    0x08005250   0x08005250   0x00000028   Code   RO          497    i.LPS22HH_setup     lps22hh.o
    0x08005278   0x08005278   0x00000034   Code   RO          445    i.MAX17262_GetData  max17262.o
    0x080052ac   0x080052ac   0x0000002a   Code   RO          446    i.MAX17262_Get_BatPercent  max17262.o
    0x080052d6   0x080052d6   0x00000002   PAD
    0x080052d8   0x080052d8   0x00000060   Code   RO          447    i.MAX17262_SetData  max17262.o
    0x08005338   0x08005338   0x00000096   Code   RO          448    i.MAX17262_init     max17262.o
    0x080053ce   0x080053ce   0x00000002   PAD
    0x080053d0   0x080053d0   0x0000009c   Code   RO          660    i.MX_DMA_Init       main.o
    0x0800546c   0x0800546c   0x0000001c   Code   RO         1330    i.MX_FATFS_Init     fatfs.o
    0x08005488   0x08005488   0x00000138   Code   RO          661    i.MX_GPIO_Init      main.o
    0x080055c0   0x080055c0   0x00000028   Code   RO          662    i.MX_IWDG_Init      main.o
    0x080055e8   0x080055e8   0x00000044   Code   RO          663    i.MX_SPI2_Init      main.o
    0x0800562c   0x0800562c   0x00000044   Code   RO          664    i.MX_SPI5_Init      main.o
    0x08005670   0x08005670   0x0000005c   Code   RO          665    i.MX_TIM9_Init      main.o
    0x080056cc   0x080056cc   0x00000002   Code   RO          806    i.MemManage_Handler  stm32f4xx_it.o
    0x080056ce   0x080056ce   0x00000002   Code   RO          807    i.NMI_Handler       stm32f4xx_it.o
    0x080056d0   0x080056d0   0x00000002   Code   RO          808    i.PendSV_Handler    stm32f4xx_it.o
    0x080056d2   0x080056d2   0x00000024   Code   RO         3316    i.SDIO_ConfigData   stm32f4xx_ll_sdmmc.o
    0x080056f6   0x080056f6   0x00000008   Code   RO         3320    i.SDIO_GetPowerState  stm32f4xx_ll_sdmmc.o
    0x080056fe   0x080056fe   0x00000006   Code   RO         3321    i.SDIO_GetResponse  stm32f4xx_ll_sdmmc.o
    0x08005704   0x08005704   0x0000000c   Code   RO          809    i.SDIO_IRQHandler   stm32f4xx_it.o
    0x08005710   0x08005710   0x00000024   Code   RO         3322    i.SDIO_Init         stm32f4xx_ll_sdmmc.o
    0x08005734   0x08005734   0x00000010   Code   RO         3324    i.SDIO_PowerState_ON  stm32f4xx_ll_sdmmc.o
    0x08005744   0x08005744   0x00000006   Code   RO         3325    i.SDIO_ReadFIFO     stm32f4xx_ll_sdmmc.o
    0x0800574a   0x0800574a   0x00000020   Code   RO         3326    i.SDIO_SendCommand  stm32f4xx_ll_sdmmc.o
    0x0800576a   0x0800576a   0x0000000a   Code   RO         3328    i.SDIO_WriteFIFO    stm32f4xx_ll_sdmmc.o
    0x08005774   0x08005774   0x00000032   Code   RO         3329    i.SDMMC_CmdAppCommand  stm32f4xx_ll_sdmmc.o
    0x080057a6   0x080057a6   0x00000002   PAD
    0x080057a8   0x080057a8   0x00000034   Code   RO         3330    i.SDMMC_CmdAppOperCommand  stm32f4xx_ll_sdmmc.o
    0x080057dc   0x080057dc   0x00000032   Code   RO         3331    i.SDMMC_CmdBlockLength  stm32f4xx_ll_sdmmc.o
    0x0800580e   0x0800580e   0x00000032   Code   RO         3332    i.SDMMC_CmdBusWidth  stm32f4xx_ll_sdmmc.o
    0x08005840   0x08005840   0x00000050   Code   RO         3336    i.SDMMC_CmdGoIdleState  stm32f4xx_ll_sdmmc.o
    0x08005890   0x08005890   0x00000074   Code   RO         3338    i.SDMMC_CmdOperCond  stm32f4xx_ll_sdmmc.o
    0x08005904   0x08005904   0x00000032   Code   RO         3339    i.SDMMC_CmdReadMultiBlock  stm32f4xx_ll_sdmmc.o
    0x08005936   0x08005936   0x00000032   Code   RO         3340    i.SDMMC_CmdReadSingleBlock  stm32f4xx_ll_sdmmc.o
    0x08005968   0x08005968   0x00000032   Code   RO         3343    i.SDMMC_CmdSelDesel  stm32f4xx_ll_sdmmc.o
    0x0800599a   0x0800599a   0x0000002c   Code   RO         3344    i.SDMMC_CmdSendCID  stm32f4xx_ll_sdmmc.o
    0x080059c6   0x080059c6   0x0000002c   Code   RO         3345    i.SDMMC_CmdSendCSD  stm32f4xx_ll_sdmmc.o
    0x080059f2   0x080059f2   0x00000030   Code   RO         3346    i.SDMMC_CmdSendSCR  stm32f4xx_ll_sdmmc.o
    0x08005a22   0x08005a22   0x00000032   Code   RO         3347    i.SDMMC_CmdSendStatus  stm32f4xx_ll_sdmmc.o
    0x08005a54   0x08005a54   0x00000030   Code   RO         3348    i.SDMMC_CmdSetRelAdd  stm32f4xx_ll_sdmmc.o
    0x08005a84   0x08005a84   0x00000034   Code   RO         3350    i.SDMMC_CmdStopTransfer  stm32f4xx_ll_sdmmc.o
    0x08005ab8   0x08005ab8   0x00000032   Code   RO         3352    i.SDMMC_CmdWriteMultiBlock  stm32f4xx_ll_sdmmc.o
    0x08005aea   0x08005aea   0x00000032   Code   RO         3353    i.SDMMC_CmdWriteSingleBlock  stm32f4xx_ll_sdmmc.o
    0x08005b1c   0x08005b1c   0x00000120   Code   RO         3354    i.SDMMC_GetCmdResp1  stm32f4xx_ll_sdmmc.o
    0x08005c3c   0x08005c3c   0x00000050   Code   RO         3355    i.SDMMC_GetCmdResp2  stm32f4xx_ll_sdmmc.o
    0x08005c8c   0x08005c8c   0x00000044   Code   RO         3356    i.SDMMC_GetCmdResp3  stm32f4xx_ll_sdmmc.o
    0x08005cd0   0x08005cd0   0x00000088   Code   RO         3357    i.SDMMC_GetCmdResp6  stm32f4xx_ll_sdmmc.o
    0x08005d58   0x08005d58   0x00000020   Code   RO         1231    i.SD_CheckStatus    sd_diskio.o
    0x08005d78   0x08005d78   0x00000024   Code   RO         1232    i.SD_CheckStatusWithTimeout  sd_diskio.o
    0x08005d9c   0x08005d9c   0x00000064   Code   RO         3607    i.SD_DMAError       stm32f4xx_hal_sd.o
    0x08005e00   0x08005e00   0x00000042   Code   RO         3608    i.SD_DMAReceiveCplt  stm32f4xx_hal_sd.o
    0x08005e42   0x08005e42   0x00000044   Code   RO         3609    i.SD_DMARxAbort     stm32f4xx_hal_sd.o
    0x08005e86   0x08005e86   0x0000000e   Code   RO         3610    i.SD_DMATransmitCplt  stm32f4xx_hal_sd.o
    0x08005e94   0x08005e94   0x00000044   Code   RO         3611    i.SD_DMATxAbort     stm32f4xx_hal_sd.o
    0x08005ed8   0x08005ed8   0x000000d4   Code   RO         3612    i.SD_FindSCR        stm32f4xx_hal_sd.o
    0x08005fac   0x08005fac   0x000000ee   Code   RO         3613    i.SD_InitCard       stm32f4xx_hal_sd.o
    0x0800609a   0x0800609a   0x00000002   PAD
    0x0800609c   0x0800609c   0x000000b4   Code   RO         3614    i.SD_PowerON        stm32f4xx_hal_sd.o
    0x08006150   0x08006150   0x0000001c   Code   RO         1233    i.SD_initialize     sd_diskio.o
    0x0800616c   0x0800616c   0x00000050   Code   RO         1234    i.SD_ioctl          sd_diskio.o
    0x080061bc   0x080061bc   0x00000078   Code   RO         1235    i.SD_read           sd_diskio.o
    0x08006234   0x08006234   0x00000004   Code   RO         1236    i.SD_status         sd_diskio.o
    0x08006238   0x08006238   0x00000078   Code   RO         1237    i.SD_write          sd_diskio.o
    0x080062b0   0x080062b0   0x0000000c   Code   RO          810    i.SPI2_IRQHandler   stm32f4xx_it.o
    0x080062bc   0x080062bc   0x0000000c   Code   RO          811    i.SPI5_IRQHandler   stm32f4xx_it.o
    0x080062c8   0x080062c8   0x00000010   Code   RO         3843    i.SPI_DMAAbortOnError  stm32f4xx_hal_spi.o
    0x080062d8   0x080062d8   0x00000022   Code   RO         3844    i.SPI_DMAError      stm32f4xx_hal_spi.o
    0x080062fa   0x080062fa   0x0000000a   Code   RO         3845    i.SPI_DMAHalfReceiveCplt  stm32f4xx_hal_spi.o
    0x08006304   0x08006304   0x0000000a   Code   RO         3846    i.SPI_DMAHalfTransmitCplt  stm32f4xx_hal_spi.o
    0x0800630e   0x0800630e   0x0000000a   Code   RO         3847    i.SPI_DMAHalfTransmitReceiveCplt  stm32f4xx_hal_spi.o
    0x08006318   0x08006318   0x0000006a   Code   RO         3848    i.SPI_DMAReceiveCplt  stm32f4xx_hal_spi.o
    0x08006382   0x08006382   0x00000064   Code   RO         3850    i.SPI_DMATransmitCplt  stm32f4xx_hal_spi.o
    0x080063e6   0x080063e6   0x0000005a   Code   RO         3851    i.SPI_DMATransmitReceiveCplt  stm32f4xx_hal_spi.o
    0x08006440   0x08006440   0x0000005c   Code   RO         3853    i.SPI_EndRxTransaction  stm32f4xx_hal_spi.o
    0x0800649c   0x0800649c   0x00000058   Code   RO         3854    i.SPI_EndRxTxTransaction  stm32f4xx_hal_spi.o
    0x080064f4   0x080064f4   0x00000094   Code   RO         3859    i.SPI_WaitFlagStateUntilTimeout  stm32f4xx_hal_spi.o
    0x08006588   0x08006588   0x00000038   Code   RO          357    i.ST7789_DrawImage  st7789.o
    0x080065c0   0x080065c0   0x00000064   Code   RO          360    i.ST7789_Fill_Color  st7789.o
    0x08006624   0x08006624   0x00000144   Code   RO          361    i.ST7789_Init       st7789.o
    0x08006768   0x08006768   0x00000058   Code   RO          362    i.ST7789_SetAddressWindow  st7789.o
    0x080067c0   0x080067c0   0x00000030   Code   RO          363    i.ST7789_SetRotation  st7789.o
    0x080067f0   0x080067f0   0x00000044   Code   RO          364    i.ST7789_WriteCommand  st7789.o
    0x08006834   0x08006834   0x00000078   Code   RO          365    i.ST7789_WriteData  st7789.o
    0x080068ac   0x080068ac   0x0000002c   Code   RO          366    i.ST7789_WriteSmallData  st7789.o
    0x080068d8   0x080068d8   0x000000be   Code   RO          367    i.ST7789_WriteString  st7789.o
    0x08006996   0x08006996   0x00000002   Code   RO          812    i.SVC_Handler       stm32f4xx_it.o
    0x08006998   0x08006998   0x00000070   Code   RO          666    i.Set_StandbyMod    main.o
    0x08006a08   0x08006a08   0x00000002   Code   RO          813    i.SysTick_Handler   stm32f4xx_it.o
    0x08006a0a   0x08006a0a   0x00000002   PAD
    0x08006a0c   0x08006a0c   0x00000098   Code   RO          667    i.SystemClock_Config  main.o
    0x08006aa4   0x08006aa4   0x00000010   Code   RO         5056    i.SystemInit        system_stm32f4xx.o
    0x08006ab4   0x08006ab4   0x0000000c   Code   RO          814    i.TIM1_BRK_TIM9_IRQHandler  stm32f4xx_it.o
    0x08006ac0   0x08006ac0   0x0000000c   Code   RO          815    i.TIM1_UP_TIM10_IRQHandler  stm32f4xx_it.o
    0x08006acc   0x08006acc   0x0000000c   Code   RO          816    i.TIM6_DAC_IRQHandler  stm32f4xx_it.o
    0x08006ad8   0x08006ad8   0x0000000c   Code   RO          817    i.TIM7_IRQHandler   stm32f4xx_it.o
    0x08006ae4   0x08006ae4   0x000000c8   Code   RO         4217    i.TIM_Base_SetConfig  stm32f4xx_hal_tim.o
    0x08006bac   0x08006bac   0x0000001a   Code   RO         4218    i.TIM_CCxChannelCmd  stm32f4xx_hal_tim.o
    0x08006bc6   0x08006bc6   0x00000002   PAD
    0x08006bc8   0x08006bc8   0x00000060   Code   RO         4230    i.TIM_OC1_SetConfig  stm32f4xx_hal_tim.o
    0x08006c28   0x08006c28   0x0000006c   Code   RO         4231    i.TIM_OC2_SetConfig  stm32f4xx_hal_tim.o
    0x08006c94   0x08006c94   0x00000068   Code   RO         4232    i.TIM_OC3_SetConfig  stm32f4xx_hal_tim.o
    0x08006cfc   0x08006cfc   0x00000050   Code   RO         4233    i.TIM_OC4_SetConfig  stm32f4xx_hal_tim.o
    0x08006d4c   0x08006d4c   0x00000002   Code   RO          818    i.UsageFault_Handler  stm32f4xx_it.o
    0x08006d4e   0x08006d4e   0x00000030   Code   RO         5965    i.__ARM_fpclassify  m_wm.l(fpclassify.o)
    0x08006d7e   0x08006d7e   0x00000026   Code   RO         5864    i.__ARM_fpclassifyf  m_wm.l(fpclassifyf.o)
    0x08006da4   0x08006da4   0x00000020   Code   RO         2191    i.__NVIC_SetPriority  stm32f4xx_hal_cortex.o
    0x08006dc4   0x08006dc4   0x00000664   Code   RO         5749    i.__hardfp_powf     m_wm.l(powf.o)
    0x08007428   0x08007428   0x00000014   Code   RO         5866    i.__mathlib_flt_divzero  m_wm.l(funder.o)
    0x0800743c   0x0800743c   0x00000006   Code   RO         5868    i.__mathlib_flt_infnan2  m_wm.l(funder.o)
    0x08007442   0x08007442   0x00000002   PAD
    0x08007444   0x08007444   0x00000010   Code   RO         5869    i.__mathlib_flt_invalid  m_wm.l(funder.o)
    0x08007454   0x08007454   0x00000010   Code   RO         5870    i.__mathlib_flt_overflow  m_wm.l(funder.o)
    0x08007464   0x08007464   0x00000010   Code   RO         5872    i.__mathlib_flt_underflow  m_wm.l(funder.o)
    0x08007474   0x08007474   0x0000000e   Code   RO         5720    i._is_digit         c_w.l(__printf_wp.o)
    0x08007482   0x08007482   0x00000002   PAD
    0x08007484   0x08007484   0x00000070   Code   RO         5148    i.check_fs          ff.o
    0x080074f4   0x080074f4   0x00000010   Code   RO         5149    i.chk_chr           ff.o
    0x08007504   0x08007504   0x0000005c   Code   RO         5150    i.chk_lock          ff.o
    0x08007560   0x08007560   0x00000020   Code   RO         5151    i.clear_lock        ff.o
    0x08007580   0x08007580   0x00000026   Code   RO         5152    i.clmt_clust        ff.o
    0x080075a6   0x080075a6   0x00000018   Code   RO         5153    i.clust2sect        ff.o
    0x080075be   0x080075be   0x00000002   PAD
    0x080075c0   0x080075c0   0x00000080   Code   RO         5154    i.cmp_lfn           ff.o
    0x08007640   0x08007640   0x000000a4   Code   RO         5155    i.create_chain      ff.o
    0x080076e4   0x080076e4   0x00000208   Code   RO         5156    i.create_name       ff.o
    0x080078ec   0x080078ec   0x00000034   Code   RO         5157    i.dec_lock          ff.o
    0x08007920   0x08007920   0x000000d0   Code   RO         5158    i.dir_find          ff.o
    0x080079f0   0x080079f0   0x00000102   Code   RO         5159    i.dir_next          ff.o
    0x08007af2   0x08007af2   0x00000002   PAD
    0x08007af4   0x08007af4   0x000001e4   Code   RO         5161    i.dir_register      ff.o
    0x08007cd8   0x08007cd8   0x0000008e   Code   RO         5163    i.dir_sdi           ff.o
    0x08007d66   0x08007d66   0x00000002   PAD
    0x08007d68   0x08007d68   0x00000028   Code   RO         5093    i.disk_initialize   diskio.o
    0x08007d90   0x08007d90   0x0000001c   Code   RO         5094    i.disk_ioctl        diskio.o
    0x08007dac   0x08007dac   0x0000001c   Code   RO         5095    i.disk_read         diskio.o
    0x08007dc8   0x08007dc8   0x00000018   Code   RO         5096    i.disk_status       diskio.o
    0x08007de0   0x08007de0   0x0000001c   Code   RO         5097    i.disk_write        diskio.o
    0x08007dfc   0x08007dfc   0x00000028   Code   RO         5164    i.f_close           ff.o
    0x08007e24   0x08007e24   0x0000023a   Code   RO         5170    i.f_lseek           ff.o
    0x0800805e   0x0800805e   0x00000002   PAD
    0x08008060   0x08008060   0x00000058   Code   RO         5173    i.f_mount           ff.o
    0x080080b8   0x080080b8   0x0000021c   Code   RO         5174    i.f_open            ff.o
    0x080082d4   0x080082d4   0x00000026   Code   RO         5178    i.f_puts            ff.o
    0x080082fa   0x080082fa   0x0000008e   Code   RO         5183    i.f_sync            ff.o
    0x08008388   0x08008388   0x000001b2   Code   RO         5186    i.f_write           ff.o
    0x0800853a   0x0800853a   0x00000002   PAD
    0x0800853c   0x0800853c   0x00000038   Code   RO         5605    i.ff_convert        ccsbcs.o
    0x08008574   0x08008574   0x00000080   Code   RO         5606    i.ff_wtoupper       ccsbcs.o
    0x080085f4   0x080085f4   0x0000003c   Code   RO           13    i.fifo_i2s          fifo.o
    0x08008630   0x08008630   0x000000a0   Code   RO           14    i.fifo_lps          fifo.o
    0x080086d0   0x080086d0   0x000000f4   Code   RO          261    i.fifo_screen       lcdscreen.o
    0x080087c4   0x080087c4   0x00000290   Code   RO         5187    i.find_volume       ff.o
    0x08008a54   0x08008a54   0x0000007a   Code   RO         5188    i.follow_path       ff.o
    0x08008ace   0x08008ace   0x00000002   PAD
    0x08008ad0   0x08008ad0   0x00000080   Code   RO         5189    i.gen_numname       ff.o
    0x08008b50   0x08008b50   0x00000174   Code   RO          262    i.general_screen    lcdscreen.o
    0x08008cc4   0x08008cc4   0x000000e8   Code   RO         5191    i.get_fat           ff.o
    0x08008dac   0x08008dac   0x00000004   Code   RO         1331    i.get_fattime       fatfs.o
    0x08008db0   0x08008db0   0x0000003c   Code   RO         5193    i.get_ldnumber      ff.o
    0x08008dec   0x08008dec   0x00000080   Code   RO         5194    i.inc_lock          ff.o
    0x08008e6c   0x08008e6c   0x00000026   Code   RO         5195    i.ld_clust          ff.o
    0x08008e92   0x08008e92   0x00000016   Code   RO         5196    i.ld_dword          ff.o
    0x08008ea8   0x08008ea8   0x0000000a   Code   RO         5197    i.ld_word           ff.o
    0x08008eb2   0x08008eb2   0x00000002   PAD
    0x08008eb4   0x08008eb4   0x00000368   Code   RO          670    i.main              main.o
    0x0800921c   0x0800921c   0x000000e0   Code   RO          263    i.main_screen       lcdscreen.o
    0x080092fc   0x080092fc   0x00000012   Code   RO         5198    i.mem_cpy           ff.o
    0x0800930e   0x0800930e   0x00000002   PAD
    0x08009310   0x08009310   0x0000000e   Code   RO         5199    i.mem_set           ff.o
    0x0800931e   0x0800931e   0x00000002   PAD
    0x08009320   0x08009320   0x0000006c   Code   RO          264    i.menu_screen       lcdscreen.o
    0x0800938c   0x0800938c   0x00000032   Code   RO         5200    i.move_window       ff.o
    0x080093be   0x080093be   0x00000124   Code   RO         5203    i.put_fat           ff.o
    0x080094e2   0x080094e2   0x00000046   Code   RO         5204    i.putc_bfd          ff.o
    0x08009528   0x08009528   0x0000002a   Code   RO         5205    i.putc_flush        ff.o
    0x08009552   0x08009552   0x00000074   Code   RO         5206    i.remove_chain      ff.o
    0x080095c6   0x080095c6   0x00000024   Code   RO          265    i.reset_screen      lcdscreen.o
    0x080095ea   0x080095ea   0x00000002   PAD
    0x080095ec   0x080095ec   0x00000074   Code   RO          266    i.screen_init       lcdscreen.o
    0x08009660   0x08009660   0x00000044   Code   RO           16    i.sd_init           fifo.o
    0x080096a4   0x080096a4   0x00000028   Code   RO         5207    i.st_clust          ff.o
    0x080096cc   0x080096cc   0x00000010   Code   RO         5208    i.st_dword          ff.o
    0x080096dc   0x080096dc   0x00000008   Code   RO         5209    i.st_word           ff.o
    0x080096e4   0x080096e4   0x000000c4   Code   RO           17    i.start_recording_i2s  fifo.o
    0x080097a8   0x080097a8   0x00000094   Code   RO           18    i.start_recording_lps  fifo.o
    0x0800983c   0x0800983c   0x00000064   Code   RO           20    i.stop_recording_i2s  fifo.o
    0x080098a0   0x080098a0   0x00000018   Code   RO           21    i.stop_recording_lps  fifo.o
    0x080098b8   0x080098b8   0x0000001a   Code   RO         5210    i.sum_sfn           ff.o
    0x080098d2   0x080098d2   0x00000002   PAD
    0x080098d4   0x080098d4   0x00000088   Code   RO         5211    i.sync_fs           ff.o
    0x0800995c   0x0800995c   0x00000052   Code   RO         5212    i.sync_window       ff.o
    0x080099ae   0x080099ae   0x00000034   Code   RO         5213    i.validate          ff.o
    0x080099e2   0x080099e2   0x00000002   PAD
    0x080099e4   0x080099e4   0x0000002c   Code   RO         5952    locale$$code        c_w.l(lc_numeric_c.o)
    0x08009a10   0x08009a10   0x0000000c   Code   RO         5857    x$fpl$dretinf       fz_wm.l(dretinf.o)
    0x08009a1c   0x08009a1c   0x00000056   Code   RO         5743    x$fpl$f2d           fz_wm.l(f2d.o)
    0x08009a72   0x08009a72   0x00000060   Code   RO         5745    x$fpl$ffltll        fz_wm.l(ffltll_clz.o)
    0x08009ad2   0x08009ad2   0x0000008c   Code   RO         5859    x$fpl$fnaninf       fz_wm.l(fnaninf.o)
    0x08009b5e   0x08009b5e   0x0000000a   Code   RO         5963    x$fpl$fpinit        fz_wm.l(fpinit.o)
    0x08009b68   0x08009b68   0x00000004   Code   RO         5747    x$fpl$printf1       fz_wm.l(printf1.o)
    0x08009b6c   0x08009b6c   0x00000000   Code   RO         5863    x$fpl$usenofp       fz_wm.l(usenofp.o)
    0x08009b6c   0x08009b6c   0x0000134c   Data   RO          332    .constdata          fonts.o
    0x0800aeb8   0x0800aeb8   0x00000ab2   Data   RO          333    .constdata          fonts.o
    0x0800b96a   0x0800b96a   0x00000ab2   Data   RO          334    .constdata          fonts.o
    0x0800c41c   0x0800c41c   0x00000ab2   Data   RO          335    .constdata          fonts.o
    0x0800cece   0x0800cece   0x00000ab2   Data   RO          336    .constdata          fonts.o
    0x0800d980   0x0800d980   0x000006f0   Data   RO          337    .constdata          fonts.o
    0x0800e070   0x0800e070   0x000006f0   Data   RO          338    .constdata          fonts.o
    0x0800e760   0x0800e760   0x00000014   Data   RO         1238    .constdata          sd_diskio.o
    0x0800e774   0x0800e774   0x00000008   Data   RO         1884    .constdata          stm32f4xx_hal_dma.o
    0x0800e77c   0x0800e77c   0x00000010   Data   RO         5057    .constdata          system_stm32f4xx.o
    0x0800e78c   0x0800e78c   0x00000008   Data   RO         5058    .constdata          system_stm32f4xx.o
    0x0800e794   0x0800e794   0x000000aa   Data   RO         5215    .constdata          ff.o
    0x0800e83e   0x0800e83e   0x000003ae   Data   RO         5607    .constdata          ccsbcs.o
    0x0800ebec   0x0800ebec   0x00000140   Data   RO         5752    .constdata          m_wm.l(powf.o)
    0x0800ed2c   0x0800ed2c   0x00000094   Data   RO         5927    .constdata          c_w.l(bigflt0.o)
    0x0800edc0   0x0800edc0   0x00000020   Data   RO         6058    Region$$Table       anon$$obj.o
    0x0800ede0   0x0800ede0   0x0000001c   Data   RO         5951    locale$$data        c_w.l(lc_numeric_c.o)


    Execution Region RW_IRAM1 (Exec base: 0x20000000, Load base: 0x0800edfc, Size: 0x00012390, Max: 0x00050000, ABSOLUTE)

    Exec Addr    Load Addr    Size         Type   Attr      Idx    E Section Name        Object

    0x20000000   0x0800edfc   0x00000042   Data   RW           24    .data               fifo.o
    0x20000042   0x0800ee3e   0x00000003   Data   RW          268    .data               lcdscreen.o
    0x20000045   0x0800ee41   0x00000003   PAD
    0x20000048   0x0800ee44   0x00000008   Data   RW          341    .data               fonts.o
    0x20000050   0x0800ee4c   0x00000002   Data   RW          369    .data               st7789.o
    0x20000052   0x0800ee4e   0x00000006   PAD
    0x20000058   0x0800ee54   0x00000020   Data   RW          680    .data               main.o
    0x20000078   0x0800ee74   0x0000000c   Data   RW         1239    .data               sd_diskio.o
    0x20000084   0x0800ee80   0x00000005   Data   RW         1334    .data               fatfs.o
    0x20000089   0x0800ee85   0x00000003   PAD
    0x2000008c   0x0800ee88   0x0000000c   Data   RW         2335    .data               stm32f4xx_hal.o
    0x20000098   0x0800ee94   0x00000004   Data   RW         5059    .data               system_stm32f4xx.o
    0x2000009c   0x0800ee98   0x00000008   Data   RW         5216    .data               ff.o
    0x200000a4        -       0x0000412c   Zero   RW           23    .bss                fifo.o
    0x200041d0        -       0x00000028   Zero   RW          267    .bss                lcdscreen.o
    0x200041f8        -       0x00000960   Zero   RW          368    .bss                st7789.o
    0x20004b58        -       0x0000129c   Zero   RW          672    .bss                main.o
    0x20005df4        -       0x00000060   Zero   RW          673    .bss                main.o
    0x20005e54        -       0x00000060   Zero   RW          674    .bss                main.o
    0x20005eb4        -       0x00000060   Zero   RW          675    .bss                main.o
    0x20005f14        -       0x00000060   Zero   RW          676    .bss                main.o
    0x20005f74        -       0x00000060   Zero   RW          677    .bss                main.o
    0x20005fd4        -       0x00000060   Zero   RW          678    .bss                main.o
    0x20006034        -       0x00000060   Zero   RW          679    .bss                main.o
    0x20006094        -       0x00000040   Zero   RW         1072    .bss                stm32f4xx_hal_timebase_tim.o
    0x200060d4        -       0x00000250   Zero   RW         5214    .bss                ff.o
    0x20006324        -       0x0000000c   Zero   RW         5535    .bss                ff_gen_drv.o
    0x20006330        -       0x00000060   Zero   RW         5883    .bss                c_w.l(libspace.o)
    0x20006390        -       0x00004000   Zero   RW            2    HEAP                startup_stm32f413xx.o
    0x2000a390        -       0x00008000   Zero   RW            1    STACK               startup_stm32f413xx.o


==============================================================================

Image component sizes


      Code (inc. data)   RO Data    RW Data    ZI Data      Debug   Object Name

       192         22          0          0          0       6218   bsp_driver_sd.o
       184         22        942          0          0       2307   ccsbcs.o
       148         22          0          0          0       3801   diskio.o
        32         10          0          5          0       1568   fatfs.o
        24          4          0          0          0        577   fatfs_platform.o
      6480        104        170          8        592      47113   ff.o
        70          6          0          0         12       1667   ff_gen_drv.o
       756        154          0         66      16684     741234   fifo.o
         0          0      19444          8          0       1621   fonts.o
      1100        216          0          3         40       6063   lcdscreen.o
       426         48          0          0          0       4772   lps22hh.o
      2040        186          0         32       5436      37159   main.o
       340         12          0          0          0       2992   max17262.o
       444         34         20         12          0       6625   sd_diskio.o
      1038         82          0          2       2400       7602   st7789.o
        64         26        472          0      49152        856   startup_stm32f413xx.o
       116         18          0         12          0       8930   stm32f4xx_hal.o
       158         14          0          0          0      33218   stm32f4xx_hal_cortex.o
       942         16          8          0          0       7153   stm32f4xx_hal_dma.o
       468         46          0          0          0       3734   stm32f4xx_hal_gpio.o
      2174         52          0          0          0      13086   stm32f4xx_hal_i2c.o
       960         36          0          0          0       6554   stm32f4xx_hal_i2s.o
       694         24          0          0          0       3803   stm32f4xx_hal_i2s_ex.o
        94          0          0          0          0       1791   stm32f4xx_hal_iwdg.o
      1488        150          0          0          0       6921   stm32f4xx_hal_msp.o
        64         20          0          0          0       1760   stm32f4xx_hal_pwr.o
       536         66          0          0          0       4421   stm32f4xx_hal_rcc.o
      1848         74          0          0          0       4521   stm32f4xx_hal_rcc_ex.o
      2930         70          0          0          0      16763   stm32f4xx_hal_sd.o
      1948         48          0          0          0      18285   stm32f4xx_hal_spi.o
      1398         90          0          0          0      12860   stm32f4xx_hal_tim.o
       148         28          0          0          0       2509   stm32f4xx_hal_tim_ex.o
       116         18          0          0         64       1451   stm32f4xx_hal_timebase_tim.o
       210         84          0          0          0      12080   stm32f4xx_it.o
      1656         46          0          0          0      23375   stm32f4xx_ll_sdmmc.o
         0          0          0          0          0        552   syscall.o
        16          4         24          4          0       1163   system_stm32f4xx.o

    ----------------------------------------------------------------------
     31366       1852      21112        164      74380    1057105   Object Totals
         0          0         32          0          0          0   (incl. Generated)
        64          0          0         12          0          0   (incl. Padding)

    ----------------------------------------------------------------------

      Code (inc. data)   RO Data    RW Data    ZI Data      Debug   Library Member Name

         8          0          0          0          0         68   __main.o
       284          0          0          0          0        156   __printf_wp.o
         0          0          0          0          0          0   __rtentry.o
        12          0          0          0          0          0   __rtentry2.o
         6          0          0          0          0          0   __rtentry4.o
        52          8          0          0          0          0   __scatter.o
        26          0          0          0          0          0   __scatter_copy.o
        28          0          0          0          0          0   __scatter_zi.o
        48          6          0          0          0         96   _printf_char_common.o
         6          0          0          0          0          0   _printf_d.o
       120         16          0          0          0         92   _printf_dec.o
         6          0          0          0          0          0   _printf_f.o
      1054          0          0          0          0        216   _printf_fp_dec.o
       128         16          0          0          0         84   _printf_fp_infnan.o
       178          0          0          0          0         88   _printf_intcommon.o
        78          0          0          0          0        108   _printf_pad.o
         0          0          0          0          0          0   _printf_percent.o
         4          0          0          0          0          0   _printf_percent_end.o
        22          0          0          0          0        100   _rserrno.o
        10          0          0          0          0         68   _sputc.o
        16          0          0          0          0         68   aeabi_memset.o
       228          4        148          0          0         96   bigflt0.o
      1936        128          0          0          0        672   btod.o
        10          0          0          0          0         68   defsig_exit.o
        50          0          0          0          0         88   defsig_general.o
        80         58          0          0          0         76   defsig_rtmem_inner.o
        14          0          0          0          0         80   defsig_rtmem_outer.o
        18          0          0          0          0         80   exit.o
        94          0          0          0          0         80   h1_alloc.o
        52          0          0          0          0         68   h1_extend.o
        78          0          0          0          0         80   h1_free.o
        14          0          0          0          0         84   h1_init.o
         6          0          0          0          0        152   heapauxi.o
         4          0          0          0          0        136   hguard.o
         0          0          0          0          0          0   indicate_semi.o
       138          0          0          0          0        168   init_alloc.o
        44         10         28          0          0         76   lc_numeric_c.o
         2          0          0          0          0          0   libinit.o
        30          0          0          0          0          0   libinit2.o
         2          0          0          0          0          0   libshutdown.o
         2          0          0          0          0          0   libshutdown2.o
         8          4          0          0         96         68   libspace.o
       138          0          0          0          0         80   lludiv10.o
       238          0          0          0          0        100   lludivv7m.o
         0          0          0          0          0          0   maybetermalloc1.o
        40          6          0          0          0         84   noretval__2sprintf.o
         8          4          0          0          0         68   rt_errno_addr_intlibspace.o
         8          4          0          0          0         68   rt_heap_descriptor_intlibspace.o
         8          4          0          0          0         68   rt_locale_intlibspace.o
        68          0          0          0          0         68   rt_memclr.o
        78          0          0          0          0         80   rt_memclr_w.o
         2          0          0          0          0          0   rtexit.o
        10          0          0          0          0          0   rtexit2.o
       128          0          0          0          0         68   strcmpv7m.o
        62          0          0          0          0         76   strlen.o
        12          4          0          0          0         68   sys_exit.o
        74          0          0          0          0         80   sys_stackheap_outer.o
        14          0          0          0          0         76   sys_wrch.o
         2          0          0          0          0         68   use_no_semi.o
        12          0          0          0          0        116   dretinf.o
        86          4          0          0          0        132   f2d.o
        96          0          0          0          0        132   ffltll_clz.o
       140          4          0          0          0        132   fnaninf.o
        10          0          0          0          0        116   fpinit.o
         4          0          0          0          0        116   printf1.o
         0          0          0          0          0          0   usenofp.o
        48          0          0          0          0        124   fpclassify.o
        38          0          0          0          0        116   fpclassifyf.o
        74         24          0          0          0        580   funder.o
      1636        110        320          0          0        372   powf.o

    ----------------------------------------------------------------------
      7950        414        496          0         96       6204   Library Totals
        20          0          0          0          0          0   (incl. Padding)

    ----------------------------------------------------------------------

      Code (inc. data)   RO Data    RW Data    ZI Data      Debug   Library Name

      5786        272        176          0         96       4268   c_w.l
       348          8          0          0          0        744   fz_wm.l
      1796        134        320          0          0       1192   m_wm.l

    ----------------------------------------------------------------------
      7950        414        496          0         96       6204   Library Totals

    ----------------------------------------------------------------------

==============================================================================


      Code (inc. data)   RO Data    RW Data    ZI Data      Debug   

     39316       2266      21608        164      74476    1030065   Grand Totals
     39316       2266      21608        164      74476    1030065   ELF Image Totals
     39316       2266      21608        164          0          0   ROM Totals

==============================================================================

    Total RO  Size (Code + RO Data)                60924 (  59.50kB)
    Total RW  Size (RW Data + ZI Data)             74640 (  72.89kB)
    Total ROM Size (Code + RO Data + RW Data)      61088 (  59.66kB)

==============================================================================

